gn25:3904812:3906644 [0] NCCL INFO Channel 09/0 : 0[0] -> 2[2] via P2P/CUMEM/read
gn25:3904812:3906644 [0] NCCL INFO Channel 14/0 : 0[0] -> 2[2] via P2P/CUMEM/read
gn25:3904815:3906646 [3] NCCL INFO Channel 08/0 : 3[3] -> 1[1] via P2P/CUMEM/read
gn25:3904813:3906645 [1] NCCL INFO Channel 07/0 : 1[1] -> 3[3] via P2P/CUMEM/read
gn25:3904812:3906644 [0] NCCL INFO Channel 15/0 : 0[0] -> 2[2] via P2P/CUMEM/read
gn25:3904815:3906646 [3] NCCL INFO Channel 10/0 : 3[3] -> 1[1] via P2P/CUMEM/read
gn25:3904813:3906645 [1] NCCL INFO Channel 09/0 : 1[1] -> 3[3] via P2P/CUMEM/read
gn25:3904812:3906644 [0] NCCL INFO Channel 20/0 : 0[0] -> 2[2] via P2P/CUMEM/read
gn25:3904815:3906646 [3] NCCL INFO Channel 14/0 : 3[3] -> 1[1] via P2P/CUMEM/read
gn25:3904813:3906645 [1] NCCL INFO Channel 13/0 : 1[1] -> 3[3] via P2P/CUMEM/read
gn25:3904812:3906644 [0] NCCL INFO Channel 21/0 : 0[0] -> 2[2] via P2P/CUMEM/read
gn25:3904815:3906646 [3] NCCL INFO Channel 16/0 : 3[3] -> 1[1] via P2P/CUMEM/read
gn25:3904815:3906646 [3] NCCL INFO Channel 20/0 : 3[3] -> 1[1] via P2P/CUMEM/read
gn25:3904813:3906645 [1] NCCL INFO Channel 15/0 : 1[1] -> 3[3] via P2P/CUMEM/read
gn25:3904815:3906646 [3] NCCL INFO Channel 22/0 : 3[3] -> 1[1] via P2P/CUMEM/read
gn25:3904812:3906644 [0] NCCL INFO Channel 04/0 : 0[0] -> 3[3] via P2P/CUMEM/read
gn25:3904814:3906647 [2] NCCL INFO Channel 03/0 : 2[2] -> 1[1] via P2P/CUMEM/read
gn25:3904813:3906645 [1] NCCL INFO Channel 19/0 : 1[1] -> 3[3] via P2P/CUMEM/read
gn25:3904812:3906644 [0] NCCL INFO Channel 05/0 : 0[0] -> 3[3] via P2P/CUMEM/read
gn25:3904814:3906647 [2] NCCL INFO Channel 05/0 : 2[2] -> 1[1] via P2P/CUMEM/read
gn25:3904813:3906645 [1] NCCL INFO Channel 21/0 : 1[1] -> 3[3] via P2P/CUMEM/read
gn25:3904812:3906644 [0] NCCL INFO Channel 10/0 : 0[0] -> 3[3] via P2P/CUMEM/read
gn25:3904812:3906644 [0] NCCL INFO Channel 11/0 : 0[0] -> 3[3] via P2P/CUMEM/read
gn25:3904814:3906647 [2] NCCL INFO Channel 09/0 : 2[2] -> 1[1] via P2P/CUMEM/read
gn25:3904812:3906644 [0] NCCL INFO Channel 16/0 : 0[0] -> 3[3] via P2P/CUMEM/read
gn25:3904813:3906645 [1] NCCL INFO Channel 02/0 : 1[1] -> 0[0] via P2P/CUMEM/read
gn25:3904813:3906645 [1] NCCL INFO Channel 05/0 : 1[1] -> 0[0] via P2P/CUMEM/read
gn25:3904815:3906646 [3] NCCL INFO Channel 01/0 : 3[3] -> 2[2] via P2P/CUMEM/read
gn25:3904814:3906647 [2] NCCL INFO Channel 11/0 : 2[2] -> 1[1] via P2P/CUMEM/read
gn25:3904812:3906644 [0] NCCL INFO Channel 17/0 : 0[0] -> 3[3] via P2P/CUMEM/read
gn25:3904812:3906644 [0] NCCL INFO Channel 22/0 : 0[0] -> 3[3] via P2P/CUMEM/read
gn25:3904813:3906645 [1] NCCL INFO Channel 08/0 : 1[1] -> 0[0] via P2P/CUMEM/read
gn25:3904815:3906646 [3] NCCL INFO Channel 05/0 : 3[3] -> 2[2] via P2P/CUMEM/read
gn25:3904814:3906647 [2] NCCL INFO Channel 15/0 : 2[2] -> 1[1] via P2P/CUMEM/read
gn25:3904814:3906647 [2] NCCL INFO Channel 17/0 : 2[2] -> 1[1] via P2P/CUMEM/read
gn25:3904812:3906644 [0] NCCL INFO Channel 23/0 : 0[0] -> 3[3] via P2P/CUMEM/read
gn25:3904815:3906646 [3] NCCL INFO Channel 07/0 : 3[3] -> 2[2] via P2P/CUMEM/read
gn25:3904813:3906645 [1] NCCL INFO Channel 11/0 : 1[1] -> 0[0] via P2P/CUMEM/read
gn25:3904814:3906647 [2] NCCL INFO Channel 21/0 : 2[2] -> 1[1] via P2P/CUMEM/read
gn25:3904814:3906647 [2] NCCL INFO Channel 23/0 : 2[2] -> 1[1] via P2P/CUMEM/read
gn25:3904815:3906646 [3] NCCL INFO Channel 11/0 : 3[3] -> 2[2] via P2P/CUMEM/read
gn25:3904813:3906645 [1] NCCL INFO Channel 14/0 : 1[1] -> 0[0] via P2P/CUMEM/read
gn25:3904815:3906646 [3] NCCL INFO Channel 13/0 : 3[3] -> 2[2] via P2P/CUMEM/read
gn25:3904813:3906645 [1] NCCL INFO Channel 17/0 : 1[1] -> 0[0] via P2P/CUMEM/read
gn25:3904815:3906646 [3] NCCL INFO Channel 17/0 : 3[3] -> 2[2] via P2P/CUMEM/read
gn25:3904813:3906645 [1] NCCL INFO Channel 20/0 : 1[1] -> 0[0] via P2P/CUMEM/read
gn25:3904815:3906646 [3] NCCL INFO Channel 19/0 : 3[3] -> 2[2] via P2P/CUMEM/read
gn25:3904813:3906645 [1] NCCL INFO Channel 23/0 : 1[1] -> 0[0] via P2P/CUMEM/read
gn25:3904815:3906646 [3] NCCL INFO Channel 23/0 : 3[3] -> 2[2] via P2P/CUMEM/read
gn25:3904813:3906645 [1] NCCL INFO Connected all rings
gn25:3904812:3906644 [0] NCCL INFO Connected all rings
gn25:3904815:3906646 [3] NCCL INFO Connected all rings
gn25:3904814:3906647 [2] NCCL INFO Connected all rings
gn25:3904813:3906645 [1] NCCL INFO Channel 01/0 : 1[1] -> 2[2] via P2P/CUMEM/read
gn25:3904812:3906644 [0] NCCL INFO Channel 02/0 : 0[0] -> 1[1] via P2P/CUMEM/read
gn25:3904815:3906646 [3] NCCL INFO Channel 08/0 : 3[3] -> 0[0] via P2P/CUMEM/read
gn25:3904814:3906647 [2] NCCL INFO Channel 01/0 : 2[2] -> 3[3] via P2P/CUMEM/read
gn25:3904813:3906645 [1] NCCL INFO Channel 02/0 : 1[1] -> 2[2] via P2P/CUMEM/read
gn25:3904812:3906644 [0] NCCL INFO Channel 03/0 : 0[0] -> 1[1] via P2P/CUMEM/read
gn25:3904812:3906644 [0] NCCL INFO Channel 08/0 : 0[0] -> 1[1] via P2P/CUMEM/read
gn25:3904815:3906646 [3] NCCL INFO Channel 10/0 : 3[3] -> 0[0] via P2P/CUMEM/read
gn25:3904814:3906647 [2] NCCL INFO Channel 03/0 : 2[2] -> 3[3] via P2P/CUMEM/read
gn25:3904813:3906645 [1] NCCL INFO Channel 03/0 : 1[1] -> 2[2] via P2P/CUMEM/read
gn25:3904812:3906644 [0] NCCL INFO Channel 09/0 : 0[0] -> 1[1] via P2P/CUMEM/read
gn25:3904814:3906647 [2] NCCL INFO Channel 09/0 : 2[2] -> 3[3] via P2P/CUMEM/read
gn25:3904815:3906646 [3] NCCL INFO Channel 11/0 : 3[3] -> 0[0] via P2P/CUMEM/read
gn25:3904813:3906645 [1] NCCL INFO Channel 05/0 : 1[1] -> 2[2] via P2P/CUMEM/read
gn25:3904812:3906644 [0] NCCL INFO Channel 10/0 : 0[0] -> 1[1] via P2P/CUMEM/read
gn25:3904814:3906647 [2] NCCL INFO Channel 10/0 : 2[2] -> 3[3] via P2P/CUMEM/read
gn25:3904814:3906647 [2] NCCL INFO Channel 11/0 : 2[2] -> 3[3] via P2P/CUMEM/read
gn25:3904813:3906645 [1] NCCL INFO Channel 07/0 : 1[1] -> 2[2] via P2P/CUMEM/read
gn25:3904815:3906646 [3] NCCL INFO Channel 20/0 : 3[3] -> 0[0] via P2P/CUMEM/read
gn25:3904812:3906644 [0] NCCL INFO Channel 11/0 : 0[0] -> 1[1] via P2P/CUMEM/read
gn25:3904814:3906647 [2] NCCL INFO Channel 13/0 : 2[2] -> 3[3] via P2P/CUMEM/read
gn25:3904813:3906645 [1] NCCL INFO Channel 13/0 : 1[1] -> 2[2] via P2P/CUMEM/read
gn25:3904815:3906646 [3] NCCL INFO Channel 22/0 : 3[3] -> 0[0] via P2P/CUMEM/read
gn25:3904812:3906644 [0] NCCL INFO Channel 14/0 : 0[0] -> 1[1] via P2P/CUMEM/read
gn25:3904814:3906647 [2] NCCL INFO Channel 15/0 : 2[2] -> 3[3] via P2P/CUMEM/read
gn25:3904813:3906645 [1] NCCL INFO Channel 14/0 : 1[1] -> 2[2] via P2P/CUMEM/read
gn25:3904815:3906646 [3] NCCL INFO Channel 23/0 : 3[3] -> 0[0] via P2P/CUMEM/read
gn25:3904814:3906647 [2] NCCL INFO Channel 21/0 : 2[2] -> 3[3] via P2P/CUMEM/read
gn25:3904812:3906644 [0] NCCL INFO Channel 15/0 : 0[0] -> 1[1] via P2P/CUMEM/read
gn25:3904813:3906645 [1] NCCL INFO Channel 15/0 : 1[1] -> 2[2] via P2P/CUMEM/read
gn25:3904814:3906647 [2] NCCL INFO Channel 22/0 : 2[2] -> 3[3] via P2P/CUMEM/read
gn25:3904812:3906644 [0] NCCL INFO Channel 20/0 : 0[0] -> 1[1] via P2P/CUMEM/read
gn25:3904813:3906645 [1] NCCL INFO Channel 17/0 : 1[1] -> 2[2] via P2P/CUMEM/read
gn25:3904814:3906647 [2] NCCL INFO Channel 23/0 : 2[2] -> 3[3] via P2P/CUMEM/read
gn25:3904812:3906644 [0] NCCL INFO Channel 21/0 : 0[0] -> 1[1] via P2P/CUMEM/read
gn25:3904813:3906645 [1] NCCL INFO Channel 19/0 : 1[1] -> 2[2] via P2P/CUMEM/read
gn25:3904812:3906644 [0] NCCL INFO Channel 22/0 : 0[0] -> 1[1] via P2P/CUMEM/read
gn25:3904812:3906644 [0] NCCL INFO Channel 23/0 : 0[0] -> 1[1] via P2P/CUMEM/read
gn25:3904812:3906644 [0] NCCL INFO Channel 04/0 : 0[0] -> 2[2] via P2P/CUMEM/read
gn25:3904812:3906644 [0] NCCL INFO Channel 05/0 : 0[0] -> 2[2] via P2P/CUMEM/read
gn25:3904815:3906646 [3] NCCL INFO Channel 05/0 : 3[3] -> 1[1] via P2P/CUMEM/read
gn25:3904813:3906645 [1] NCCL INFO Channel 04/0 : 1[1] -> 3[3] via P2P/CUMEM/read
gn25:3904814:3906647 [2] NCCL INFO Channel 05/0 : 2[2] -> 0[0] via P2P/CUMEM/read
gn25:3904812:3906644 [0] NCCL INFO Channel 06/0 : 0[0] -> 2[2] via P2P/CUMEM/read
gn25:3904815:3906646 [3] NCCL INFO Channel 06/0 : 3[3] -> 1[1] via P2P/CUMEM/read
gn25:3904813:3906645 [1] NCCL INFO Channel 05/0 : 1[1] -> 3[3] via P2P/CUMEM/read
gn25:3904812:3906644 [0] NCCL INFO Channel 07/0 : 0[0] -> 2[2] via P2P/CUMEM/read
gn25:3904814:3906647 [2] NCCL INFO Channel 06/0 : 2[2] -> 0[0] via P2P/CUMEM/read
gn25:3904815:3906646 [3] NCCL INFO Channel 07/0 : 3[3] -> 1[1] via P2P/CUMEM/read
gn25:3904813:3906645 [1] NCCL INFO Channel 06/0 : 1[1] -> 3[3] via P2P/CUMEM/read
gn25:3904812:3906644 [0] NCCL INFO Channel 16/0 : 0[0] -> 2[2] via P2P/CUMEM/read
gn25:3904814:3906647 [2] NCCL INFO Channel 17/0 : 2[2] -> 0[0] via P2P/CUMEM/read
gn25:3904815:3906646 [3] NCCL INFO Channel 17/0 : 3[3] -> 1[1] via P2P/CUMEM/read
gn25:3904813:3906645 [1] NCCL INFO Channel 16/0 : 1[1] -> 3[3] via P2P/CUMEM/read
gn25:3904812:3906644 [0] NCCL INFO Channel 17/0 : 0[0] -> 2[2] via P2P/CUMEM/read
gn25:3904814:3906647 [2] NCCL INFO Channel 18/0 : 2[2] -> 0[0] via P2P/CUMEM/read
gn25:3904815:3906646 [3] NCCL INFO Channel 18/0 : 3[3] -> 1[1] via P2P/CUMEM/read
gn25:3904813:3906645 [1] NCCL INFO Channel 17/0 : 1[1] -> 3[3] via P2P/CUMEM/read
gn25:3904812:3906644 [0] NCCL INFO Channel 18/0 : 0[0] -> 2[2] via P2P/CUMEM/read
gn25:3904815:3906646 [3] NCCL INFO Channel 19/0 : 3[3] -> 1[1] via P2P/CUMEM/read
gn25:3904813:3906645 [1] NCCL INFO Channel 18/0 : 1[1] -> 3[3] via P2P/CUMEM/read
gn25:3904812:3906644 [0] NCCL INFO Channel 19/0 : 0[0] -> 2[2] via P2P/CUMEM/read
gn25:3904815:3906646 [3] NCCL INFO Channel 00/0 : 3[3] -> 2[2] via P2P/CUMEM/read
gn25:3904814:3906647 [2] NCCL INFO Channel 00/0 : 2[2] -> 1[1] via P2P/CUMEM/read
gn25:3904815:3906646 [3] NCCL INFO Channel 02/0 : 3[3] -> 2[2] via P2P/CUMEM/read
gn25:3904814:3906647 [2] NCCL INFO Channel 01/0 : 2[2] -> 1[1] via P2P/CUMEM/read
gn25:3904813:3906645 [1] NCCL INFO Channel 00/0 : 1[1] -> 0[0] via P2P/CUMEM/read
gn25:3904812:3906644 [0] NCCL INFO Channel 08/0 : 0[0] -> 3[3] via P2P/CUMEM/read
gn25:3904815:3906646 [3] NCCL INFO Channel 03/0 : 3[3] -> 2[2] via P2P/CUMEM/read
gn25:3904814:3906647 [2] NCCL INFO Channel 02/0 : 2[2] -> 1[1] via P2P/CUMEM/read
gn25:3904813:3906645 [1] NCCL INFO Channel 01/0 : 1[1] -> 0[0] via P2P/CUMEM/read
gn25:3904812:3906644 [0] NCCL INFO Channel 09/0 : 0[0] -> 3[3] via P2P/CUMEM/read
gn25:3904815:3906646 [3] NCCL INFO Channel 08/0 : 3[3] -> 2[2] via P2P/CUMEM/read
gn25:3904814:3906647 [2] NCCL INFO Channel 04/0 : 2[2] -> 1[1] via P2P/CUMEM/read
gn25:3904813:3906645 [1] NCCL INFO Channel 03/0 : 1[1] -> 0[0] via P2P/CUMEM/read
gn25:3904812:3906644 [0] NCCL INFO Channel 20/0 : 0[0] -> 3[3] via P2P/CUMEM/read
gn25:3904815:3906646 [3] NCCL INFO Channel 09/0 : 3[3] -> 2[2] via P2P/CUMEM/read
gn25:3904814:3906647 [2] NCCL INFO Channel 06/0 : 2[2] -> 1[1] via P2P/CUMEM/read
gn25:3904813:3906645 [1] NCCL INFO Channel 09/0 : 1[1] -> 0[0] via P2P/CUMEM/read
gn25:3904812:3906644 [0] NCCL INFO Channel 21/0 : 0[0] -> 3[3] via P2P/CUMEM/read
gn25:3904815:3906646 [3] NCCL INFO Channel 10/0 : 3[3] -> 2[2] via P2P/CUMEM/read
gn25:3904814:3906647 [2] NCCL INFO Channel 07/0 : 2[2] -> 1[1] via P2P/CUMEM/read
gn25:3904813:3906645 [1] NCCL INFO Channel 10/0 : 1[1] -> 0[0] via P2P/CUMEM/read
gn25:3904814:3906647 [2] NCCL INFO Channel 12/0 : 2[2] -> 1[1] via P2P/CUMEM/read
gn25:3904814:3906647 [2] NCCL INFO Channel 13/0 : 2[2] -> 1[1] via P2P/CUMEM/read
gn25:3904815:3906646 [3] NCCL INFO Channel 12/0 : 3[3] -> 2[2] via P2P/CUMEM/read
gn25:3904813:3906645 [1] NCCL INFO Channel 12/0 : 1[1] -> 0[0] via P2P/CUMEM/read
gn25:3904814:3906647 [2] NCCL INFO Channel 14/0 : 2[2] -> 1[1] via P2P/CUMEM/read
gn25:3904815:3906646 [3] NCCL INFO Channel 14/0 : 3[3] -> 2[2] via P2P/CUMEM/read
gn25:3904813:3906645 [1] NCCL INFO Channel 13/0 : 1[1] -> 0[0] via P2P/CUMEM/read
gn25:3904814:3906647 [2] NCCL INFO Channel 16/0 : 2[2] -> 1[1] via P2P/CUMEM/read
gn25:3904815:3906646 [3] NCCL INFO Channel 15/0 : 3[3] -> 2[2] via P2P/CUMEM/read
gn25:3904813:3906645 [1] NCCL INFO Channel 15/0 : 1[1] -> 0[0] via P2P/CUMEM/read
gn25:3904814:3906647 [2] NCCL INFO Channel 18/0 : 2[2] -> 1[1] via P2P/CUMEM/read
gn25:3904815:3906646 [3] NCCL INFO Channel 20/0 : 3[3] -> 2[2] via P2P/CUMEM/read
gn25:3904813:3906645 [1] NCCL INFO Channel 21/0 : 1[1] -> 0[0] via P2P/CUMEM/read
gn25:3904813:3906645 [1] NCCL INFO Channel 22/0 : 1[1] -> 0[0] via P2P/CUMEM/read
gn25:3904814:3906647 [2] NCCL INFO Channel 19/0 : 2[2] -> 1[1] via P2P/CUMEM/read
gn25:3904815:3906646 [3] NCCL INFO Channel 21/0 : 3[3] -> 2[2] via P2P/CUMEM/read
gn25:3904815:3906646 [3] NCCL INFO Channel 22/0 : 3[3] -> 2[2] via P2P/CUMEM/read
gn25:3904812:3906644 [0] NCCL INFO Connected all trees
gn25:3904812:3906644 [0] NCCL INFO threadThresholds 8/8/64 | 32/8/64 | 512 | 512
gn25:3904814:3906647 [2] NCCL INFO Connected all trees
gn25:3904813:3906645 [1] NCCL INFO Connected all trees
gn25:3904815:3906646 [3] NCCL INFO Connected all trees
gn25:3904812:3906644 [0] NCCL INFO 24 coll channels, 24 collnet channels, 0 nvls channels, 32 p2p channels, 8 p2p channels per peer
gn25:3904814:3906647 [2] NCCL INFO threadThresholds 8/8/64 | 32/8/64 | 512 | 512
gn25:3904814:3906647 [2] NCCL INFO 24 coll channels, 24 collnet channels, 0 nvls channels, 32 p2p channels, 8 p2p channels per peer
gn25:3904813:3906645 [1] NCCL INFO threadThresholds 8/8/64 | 32/8/64 | 512 | 512
gn25:3904813:3906645 [1] NCCL INFO 24 coll channels, 24 collnet channels, 0 nvls channels, 32 p2p channels, 8 p2p channels per peer
gn25:3904815:3906646 [3] NCCL INFO threadThresholds 8/8/64 | 32/8/64 | 512 | 512
gn25:3904815:3906646 [3] NCCL INFO 24 coll channels, 24 collnet channels, 0 nvls channels, 32 p2p channels, 8 p2p channels per peer
gn25:3904815:3906646 [3] NCCL INFO ncclCommInitRank comm 0x55c461907920 rank 3 nranks 4 cudaDev 3 nvmlDev 3 busId c4000 commId 0x7a97dc34fa22357 - Init COMPLETE
gn25:3904812:3906644 [0] NCCL INFO ncclCommInitRank comm 0x55b30243cb30 rank 0 nranks 4 cudaDev 0 nvmlDev 0 busId 3000 commId 0x7a97dc34fa22357 - Init COMPLETE
gn25:3904814:3906647 [2] NCCL INFO ncclCommInitRank comm 0x55dcf478e950 rank 2 nranks 4 cudaDev 2 nvmlDev 2 busId 84000 commId 0x7a97dc34fa22357 - Init COMPLETE
gn25:3904813:3906645 [1] NCCL INFO ncclCommInitRank comm 0x5624292d3590 rank 1 nranks 4 cudaDev 1 nvmlDev 1 busId 44000 commId 0x7a97dc34fa22357 - Init COMPLETE
/usr/local/lib/python3.10/dist-packages/torch/utils/checkpoint.py:87: UserWarning: None of the inputs have requires_grad=True. Gradients will be None
  warnings.warn(
/usr/local/lib/python3.10/dist-packages/torch/utils/checkpoint.py:87: UserWarning: None of the inputs have requires_grad=True. Gradients will be None
  warnings.warn(
/usr/local/lib/python3.10/dist-packages/torch/utils/checkpoint.py:87: UserWarning: None of the inputs have requires_grad=True. Gradients will be None
  warnings.warn(
/usr/local/lib/python3.10/dist-packages/torch/utils/checkpoint.py:87: UserWarning: None of the inputs have requires_grad=True. Gradients will be None
  warnings.warn(
gn25:3904812:3906755 [0] NCCL INFO Comm config Blocking set to 1
gn25:3904815:3906760 [3] NCCL INFO Comm config Blocking set to 1
gn25:3904814:3906764 [2] NCCL INFO Comm config Blocking set to 1
gn25:3904813:3906769 [1] NCCL INFO Comm config Blocking set to 1
gn25:3904812:3906793 [0] NCCL INFO Using non-device net plugin version 0
gn25:3904812:3906793 [0] NCCL INFO Using network Socket
gn25:3904815:3906794 [3] NCCL INFO Using non-device net plugin version 0
gn25:3904815:3906794 [3] NCCL INFO Using network Socket
gn25:3904814:3906795 [2] NCCL INFO Using non-device net plugin version 0
gn25:3904814:3906795 [2] NCCL INFO Using network Socket
gn25:3904813:3906796 [1] NCCL INFO Using non-device net plugin version 0
gn25:3904813:3906796 [1] NCCL INFO Using network Socket
gn25:3904815:3906794 [3] NCCL INFO ncclCommInitRank comm 0x7efc3aeea3e0 rank 3 nranks 8 cudaDev 3 nvmlDev 3 busId c4000 commId 0xa659f5303d7f5fb3 - Init START
gn25:3904812:3906793 [0] NCCL INFO ncclCommInitRank comm 0x7f1b5caac540 rank 0 nranks 8 cudaDev 0 nvmlDev 0 busId 3000 commId 0xa659f5303d7f5fb3 - Init START
gn25:3904813:3906796 [1] NCCL INFO ncclCommInitRank comm 0x7f4a3eed16f0 rank 1 nranks 8 cudaDev 1 nvmlDev 1 busId 44000 commId 0xa659f5303d7f5fb3 - Init START
gn25:3904814:3906795 [2] NCCL INFO ncclCommInitRank comm 0x7f008eec9560 rank 2 nranks 8 cudaDev 2 nvmlDev 2 busId 84000 commId 0xa659f5303d7f5fb3 - Init START
gn25:3904814:3906795 [2] NCCL INFO Setting affinity for GPU 2 to 010000,00000000,00000000,00000000,00010000,00000000,00000000,00000000
gn25:3904814:3906795 [2] NCCL INFO NVLS multicast support is not available on dev 2
gn25:3904813:3906796 [1] NCCL INFO NVLS multicast support is not available on dev 1
gn25:3904815:3906794 [3] NCCL INFO NVLS multicast support is not available on dev 3
gn25:3904812:3906793 [0] NCCL INFO NVLS multicast support is not available on dev 0
gn25:3904812:3906793 [0] NCCL INFO comm 0x7f1b5caac540 rank 0 nRanks 8 nNodes 2 localRanks 4 localRank 0 MNNVL 0
gn25:3904813:3906796 [1] NCCL INFO comm 0x7f4a3eed16f0 rank 1 nRanks 8 nNodes 2 localRanks 4 localRank 1 MNNVL 0
gn25:3904813:3906796 [1] NCCL INFO Trees [0] 2/-1/-1->1->0 [1] 2/-1/-1->1->0
gn25:3904814:3906795 [2] NCCL INFO comm 0x7f008eec9560 rank 2 nRanks 8 nNodes 2 localRanks 4 localRank 2 MNNVL 0
gn25:3904815:3906794 [3] NCCL INFO comm 0x7efc3aeea3e0 rank 3 nRanks 8 nNodes 2 localRanks 4 localRank 3 MNNVL 0
gn25:3904812:3906793 [0] NCCL INFO Channel 00/02 :    0   1   2   3   4   5   6   7
gn25:3904813:3906796 [1] NCCL INFO P2P Chunksize set to 131072
gn25:3904814:3906795 [2] NCCL INFO Trees [0] 3/-1/-1->2->1 [1] 3/-1/-1->2->1
gn25:3904814:3906795 [2] NCCL INFO P2P Chunksize set to 131072
gn25:3904815:3906794 [3] NCCL INFO Trees [0] -1/-1/-1->3->2 [1] -1/-1/-1->3->2
gn25:3904812:3906793 [0] NCCL INFO Channel 01/02 :    0   1   2   3   4   5   6   7
gn25:3904813:3906796 [1] NCCL INFO Channel 00/0 : 1[1] -> 2[2] via P2P/CUMEM/read
gn25:3904814:3906795 [2] NCCL INFO Channel 00/0 : 2[2] -> 3[3] via P2P/CUMEM/read
gn25:3904815:3906794 [3] NCCL INFO P2P Chunksize set to 131072
gn25:3904812:3906793 [0] NCCL INFO Trees [0] 1/4/-1->0->-1 [1] 1/-1/-1->0->4
gn25:3904812:3906793 [0] NCCL INFO P2P Chunksize set to 131072
gn25:3904813:3906796 [1] NCCL INFO Channel 01/0 : 1[1] -> 2[2] via P2P/CUMEM/read
gn25:3904814:3906795 [2] NCCL INFO Channel 01/0 : 2[2] -> 3[3] via P2P/CUMEM/read
gn25:3904812:3906793 [0] NCCL INFO Channel 00/0 : 7[3] -> 0[0] [receive] via NET/Socket/0
gn25:3904815:3906794 [3] NCCL INFO Channel 00/0 : 3[3] -> 4[0] [send] via NET/Socket/0
gn25:3904812:3906793 [0] NCCL INFO Channel 01/0 : 7[3] -> 0[0] [receive] via NET/Socket/0
gn25:3904815:3906794 [3] NCCL INFO Channel 01/0 : 3[3] -> 4[0] [send] via NET/Socket/0
gn25:3904812:3906793 [0] NCCL INFO Channel 00/0 : 0[0] -> 1[1] via P2P/CUMEM/read
gn25:3904812:3906793 [0] NCCL INFO Channel 01/0 : 0[0] -> 1[1] via P2P/CUMEM/read
gn25:3904815:3906794 [3] NCCL INFO Connected all rings
gn25:3904815:3906794 [3] NCCL INFO Channel 00/0 : 3[3] -> 2[2] via P2P/CUMEM/read
gn25:3904814:3906795 [2] NCCL INFO Connected all rings
gn25:3904815:3906794 [3] NCCL INFO Channel 01/0 : 3[3] -> 2[2] via P2P/CUMEM/read
gn25:3904814:3906795 [2] NCCL INFO Channel 00/0 : 2[2] -> 1[1] via P2P/CUMEM/read
gn25:3904812:3906793 [0] NCCL INFO Connected all rings
gn25:3904813:3906796 [1] NCCL INFO Connected all rings
gn25:3904814:3906795 [2] NCCL INFO Channel 01/0 : 2[2] -> 1[1] via P2P/CUMEM/read
gn25:3904812:3906793 [0] NCCL INFO Channel 00/0 : 4[0] -> 0[0] [receive] via NET/Socket/0
gn25:3904813:3906796 [1] NCCL INFO Channel 00/0 : 1[1] -> 0[0] via P2P/CUMEM/read
gn25:3904812:3906793 [0] NCCL INFO Channel 01/0 : 4[0] -> 0[0] [receive] via NET/Socket/0
gn25:3904813:3906796 [1] NCCL INFO Channel 01/0 : 1[1] -> 0[0] via P2P/CUMEM/read
gn25:3904812:3906793 [0] NCCL INFO Channel 00/0 : 0[0] -> 4[0] [send] via NET/Socket/0
gn25:3904815:3906794 [3] NCCL INFO Connected all trees
gn25:3904815:3906794 [3] NCCL INFO threadThresholds 8/8/64 | 64/8/64 | 512 | 512
gn25:3904812:3906793 [0] NCCL INFO Channel 01/0 : 0[0] -> 4[0] [send] via NET/Socket/0
gn25:3904815:3906794 [3] NCCL INFO 2 coll channels, 2 collnet channels, 0 nvls channels, 2 p2p channels, 1 p2p channels per peer
gn25:3904814:3906795 [2] NCCL INFO Connected all trees
gn25:3904814:3906795 [2] NCCL INFO threadThresholds 8/8/64 | 64/8/64 | 512 | 512
gn25:3904814:3906795 [2] NCCL INFO 2 coll channels, 2 collnet channels, 0 nvls channels, 2 p2p channels, 1 p2p channels per peer
gn25:3904812:3906793 [0] NCCL INFO Connected all trees
gn25:3904812:3906793 [0] NCCL INFO threadThresholds 8/8/64 | 64/8/64 | 512 | 512
gn25:3904813:3906796 [1] NCCL INFO Connected all trees
gn25:3904813:3906796 [1] NCCL INFO threadThresholds 8/8/64 | 64/8/64 | 512 | 512
gn25:3904812:3906793 [0] NCCL INFO 2 coll channels, 2 collnet channels, 0 nvls channels, 2 p2p channels, 1 p2p channels per peer
gn25:3904813:3906796 [1] NCCL INFO 2 coll channels, 2 collnet channels, 0 nvls channels, 2 p2p channels, 1 p2p channels per peer
gn25:3904813:3906796 [1] NCCL INFO ncclCommInitRank comm 0x7f4a3eed16f0 rank 1 nranks 8 cudaDev 1 nvmlDev 1 busId 44000 commId 0xa659f5303d7f5fb3 - Init COMPLETE
gn25:3904815:3906794 [3] NCCL INFO ncclCommInitRank comm 0x7efc3aeea3e0 rank 3 nranks 8 cudaDev 3 nvmlDev 3 busId c4000 commId 0xa659f5303d7f5fb3 - Init COMPLETE
gn25:3904814:3906795 [2] NCCL INFO ncclCommInitRank comm 0x7f008eec9560 rank 2 nranks 8 cudaDev 2 nvmlDev 2 busId 84000 commId 0xa659f5303d7f5fb3 - Init COMPLETE
gn25:3904812:3906793 [0] NCCL INFO ncclCommInitRank comm 0x7f1b5caac540 rank 0 nranks 8 cudaDev 0 nvmlDev 0 busId 3000 commId 0xa659f5303d7f5fb3 - Init COMPLETE
  0%|          | 1/1608 [01:14<33:13:09, 74.42s/it]                                                   {'loss': 0.6914, 'grad_norm': 0.0, 'learning_rate': 0.0, 'rewards/chosen': 0.0, 'rewards/rejected': 0.0, 'rewards/accuracies': 0.0, 'rewards/margins': 0.0, 'logps/chosen': -4416.0, 'logps/rejected': -3968.0, 'logits/chosen': 0.0, 'logits/rejected': 0.0, 'epoch': 0.0}
  0%|          | 1/1608 [01:15<33:13:09, 74.42s/it]  0%|          | 2/1608 [01:59<25:37:43, 57.45s/it]                                                   {'loss': 0.6914, 'grad_norm': 0.0, 'learning_rate': 3.5030359645025685e-11, 'rewards/chosen': 0.0, 'rewards/rejected': 0.0, 'rewards/accuracies': 0.0, 'rewards/margins': 0.0, 'logps/chosen': -4640.0, 'logps/rejected': -4800.0, 'logits/chosen': 0.0, 'logits/rejected': 0.0, 'epoch': 0.0}
  0%|          | 2/1608 [02:00<25:37:43, 57.45s/it]  0%|          | 3/1608 [02:43<22:47:38, 51.13s/it]                                                   {'loss': 0.6914, 'grad_norm': 0.0, 'learning_rate': 7.006071929005137e-11, 'rewards/chosen': 0.0, 'rewards/rejected': 0.0, 'rewards/accuracies': 0.0, 'rewards/margins': 0.0, 'logps/chosen': -5760.0, 'logps/rejected': -5504.0, 'logits/chosen': 0.0, 'logits/rejected': 0.0, 'epoch': 0.01}
  0%|          | 3/1608 [02:43<22:47:38, 51.13s/it]  0%|          | 4/1608 [03:25<21:08:34, 47.45s/it]                                                   {'loss': 0.6914, 'grad_norm': 0.0, 'learning_rate': 1.0509107893507707e-10, 'rewards/chosen': 0.0, 'rewards/rejected': 0.0, 'rewards/accuracies': 0.0, 'rewards/margins': 0.0, 'logps/chosen': -5120.0, 'logps/rejected': -5120.0, 'logits/chosen': 0.0, 'logits/rejected': 0.0, 'epoch': 0.01}
  0%|          | 4/1608 [03:25<21:08:34, 47.45s/it]  0%|          | 5/1608 [04:08<20:23:39, 45.80s/it]                                                   {'loss': 0.6914, 'grad_norm': 0.0, 'learning_rate': 1.4012143858010274e-10, 'rewards/chosen': 0.0, 'rewards/rejected': 0.0, 'rewards/accuracies': 0.0, 'rewards/margins': 0.0, 'logps/chosen': -4128.0, 'logps/rejected': -3936.0, 'logits/chosen': 0.0, 'logits/rejected': 0.0, 'epoch': 0.01}
  0%|          | 5/1608 [04:08<20:23:39, 45.80s/it]  0%|          | 6/1608 [04:51<19:55:19, 44.77s/it]                                                   {'loss': 0.6914, 'grad_norm': 0.0, 'learning_rate': 1.7515179822512842e-10, 'rewards/chosen': 0.0, 'rewards/rejected': 0.0, 'rewards/accuracies': 0.0, 'rewards/margins': 0.0, 'logps/chosen': -8384.0, 'logps/rejected': -6080.0, 'logits/chosen': 0.0, 'logits/rejected': 0.0, 'epoch': 0.01}
  0%|          | 6/1608 [04:51<19:55:19, 44.77s/it]  0%|          | 7/1608 [05:33<19:30:59, 43.88s/it]                                                   {'loss': 0.6914, 'grad_norm': 0.0, 'learning_rate': 2.1018215787015413e-10, 'rewards/chosen': 0.0, 'rewards/rejected': 0.0, 'rewards/accuracies': 0.0, 'rewards/margins': 0.0, 'logps/chosen': -6304.0, 'logps/rejected': -4608.0, 'logits/chosen': 0.0, 'logits/rejected': 0.0, 'epoch': 0.01}
  0%|          | 7/1608 [05:33<19:30:59, 43.88s/it]  0%|          | 8/1608 [06:15<19:17:30, 43.41s/it]                                                   {'loss': 0.6914, 'grad_norm': 0.0, 'learning_rate': 2.452125175151798e-10, 'rewards/chosen': 0.0, 'rewards/rejected': 0.0, 'rewards/accuracies': 0.0, 'rewards/margins': 0.0, 'logps/chosen': -6240.0, 'logps/rejected': -4704.0, 'logits/chosen': 0.0, 'logits/rejected': 0.0, 'epoch': 0.01}
  0%|          | 8/1608 [06:15<19:17:30, 43.41s/it]  1%|          | 9/1608 [06:58<19:14:30, 43.32s/it]                                                   {'loss': 0.6914, 'grad_norm': 0.0, 'learning_rate': 2.802428771602055e-10, 'rewards/chosen': 0.0, 'rewards/rejected': 0.0, 'rewards/accuracies': 0.0, 'rewards/margins': 0.0, 'logps/chosen': -6528.0, 'logps/rejected': -5280.0, 'logits/chosen': 0.0, 'logits/rejected': 0.0, 'epoch': 0.02}
  1%|          | 9/1608 [06:58<19:14:30, 43.32s/it]  1%|          | 10/1608 [07:41<19:09:21, 43.16s/it]                                                    {'loss': 0.6914, 'grad_norm': 0.0, 'learning_rate': 3.152732368052312e-10, 'rewards/chosen': 0.0, 'rewards/rejected': 0.0, 'rewards/accuracies': 0.0, 'rewards/margins': 0.0, 'logps/chosen': -6752.0, 'logps/rejected': -6112.0, 'logits/chosen': 0.0, 'logits/rejected': 0.0, 'epoch': 0.02}
  1%|          | 10/1608 [07:41<19:09:21, 43.16s/it]  1%|          | 11/1608 [08:24<19:04:46, 43.01s/it]                                                    {'loss': 0.6914, 'grad_norm': 0.0, 'learning_rate': 3.5030359645025685e-10, 'rewards/chosen': 0.0, 'rewards/rejected': 0.0, 'rewards/accuracies': 0.0, 'rewards/margins': 0.0, 'logps/chosen': -5696.0, 'logps/rejected': -5024.0, 'logits/chosen': 0.0, 'logits/rejected': 0.0, 'epoch': 0.02}
  1%|          | 11/1608 [08:24<19:04:46, 43.01s/it]  1%|          | 12/1608 [09:06<18:59:09, 42.83s/it]                                                    {'loss': 0.6914, 'grad_norm': 0.0, 'learning_rate': 3.8533395609528256e-10, 'rewards/chosen': 0.0, 'rewards/rejected': 0.0, 'rewards/accuracies': 0.0, 'rewards/margins': 0.0, 'logps/chosen': -5824.0, 'logps/rejected': -5888.0, 'logits/chosen': 0.0, 'logits/rejected': 0.0, 'epoch': 0.02}
  1%|          | 12/1608 [09:06<18:59:09, 42.83s/it]slurmstepd: error: *** STEP 62035524.0 ON gn25 CANCELLED AT 2025-05-29T23:56:24 ***
