cpu-bind=MASK - gn28, task  1  0 [3052041]: mask 0x1000000000000000000000000000000010000000000000000000000000000 set
*******STARTING********
--- Running on Node Rank: 1 ---
Total Nodes: 2
--- CUDA_VISIBLE_DEVICES for this srun task: 0,1,2,3 ---
GPUs per Node: 4
Master Address: gn27
Master Port: 29500
-------------------------------------------
accelerate launch     --config_file /ceph/hpc/data/s24o01-42-users/translation_optimization/trl/accelerate_config.yaml     --num_machines 2     --machine_rank 1     --main_process_ip gn27     --main_process_port 29500     --num_processes 8     --deepspeed_hostfile /ceph/hpc/data/s24o01-42-users/translation_optimization/trl/result_dir/hostfile_62035522     --deepspeed_multinode_launcher standard     --rdzv_backend static     --same_network     --mixed_precision bf16     "train.py"     --rank=64 --learning_rate=3e-7 --total_epochs=3 --beta=0.2
-------------------------------------------
[2025-05-29 23:26:15,604] [INFO] [real_accelerator.py:222:get_accelerator] Setting ds_accelerator to cuda (auto detect)
W0529 23:26:18.834000 3052087 torch/distributed/run.py:792] 
W0529 23:26:18.834000 3052087 torch/distributed/run.py:792] *****************************************
W0529 23:26:18.834000 3052087 torch/distributed/run.py:792] Setting OMP_NUM_THREADS environment variable for each process to be 1 in default, to avoid your system being overloaded, please further tune the variable for optimal performance in your application as needed. 
W0529 23:26:18.834000 3052087 torch/distributed/run.py:792] *****************************************
[2025-05-29 23:27:16,815] [INFO] [real_accelerator.py:222:get_accelerator] Setting ds_accelerator to cuda (auto detect)
[2025-05-29 23:27:16,848] [INFO] [real_accelerator.py:222:get_accelerator] Setting ds_accelerator to cuda (auto detect)
[2025-05-29 23:27:16,864] [INFO] [real_accelerator.py:222:get_accelerator] Setting ds_accelerator to cuda (auto detect)
[2025-05-29 23:27:16,883] [INFO] [real_accelerator.py:222:get_accelerator] Setting ds_accelerator to cuda (auto detect)
Created datasets
Number of training examples: 8564
Number of validation examples: 953
Namespace(rank=64, learning_rate=3e-07, total_epochs=3, beta=0.2)
3e-07
World size: 8
Setting gradient accumulation steps to: 1
Created datasets
Number of training examples: 8564
Number of validation examples: 953
Namespace(rank=64, learning_rate=3e-07, total_epochs=3, beta=0.2)
3e-07
Created datasets
Number of training examples: 8564
Number of validation examples: 953
Namespace(rank=64, learning_rate=3e-07, total_epochs=3, beta=0.2)
3e-07
Created datasets
Number of training examples: 8564
Number of validation examples: 953
Namespace(rank=64, learning_rate=3e-07, total_epochs=3, beta=0.2)
3e-07
[2025-05-29 23:27:30,816] [INFO] [comm.py:658:init_distributed] cdb=None
Created datasets
Steps per epoch: 8564
Eval steps: 4282
[2025-05-29 23:27:30,908] [INFO] [comm.py:658:init_distributed] cdb=None
[2025-05-29 23:27:30,911] [INFO] [comm.py:658:init_distributed] cdb=None
[2025-05-29 23:27:30,945] [INFO] [comm.py:658:init_distributed] cdb=None
Set up DPO configuration
[2025-05-29 23:27:38,131] [INFO] [config.py:734:__init__] Config mesh_device None world_size = 8
[2025-05-29 23:27:38,131] [INFO] [config.py:734:__init__] Config mesh_device None world_size = 8
[2025-05-29 23:27:38,140] [INFO] [config.py:734:__init__] Config mesh_device None world_size = 8
[2025-05-29 23:27:38,141] [INFO] [config.py:734:__init__] Config mesh_device None world_size = 8
gn28:3052246:3052246 [2] NCCL INFO cudaDriverVersion 12070
gn28:3052247:3052247 [3] NCCL INFO cudaDriverVersion 12070
gn28:3052246:3052246 [2] NCCL INFO Bootstrap : Using ib0:10.210.4.12<0>
gn28:3052247:3052247 [3] NCCL INFO Bootstrap : Using ib0:10.210.4.12<0>
gn28:3052247:3052247 [3] NCCL INFO NET/Plugin: No plugin found (libnccl-net.so)
gn28:3052246:3052246 [2] NCCL INFO NET/Plugin: No plugin found (libnccl-net.so)
gn28:3052247:3052247 [3] NCCL INFO NET/Plugin: Plugin load returned 2 : libnccl-net.so: cannot open shared object file: No such file or directory : when loading libnccl-net.so
gn28:3052246:3052246 [2] NCCL INFO NET/Plugin: Plugin load returned 2 : libnccl-net.so: cannot open shared object file: No such file or directory : when loading libnccl-net.so
gn28:3052247:3052247 [3] NCCL INFO NET/Plugin: Using internal network plugin.
gn28:3052246:3052246 [2] NCCL INFO NET/Plugin: Using internal network plugin.
gn28:3052246:3052246 [2] NCCL INFO Comm config Blocking set to 1
gn28:3052247:3052247 [3] NCCL INFO Comm config Blocking set to 1
gn28:3052244:3052244 [0] NCCL INFO cudaDriverVersion 12070
gn28:3052244:3052244 [0] NCCL INFO Bootstrap : Using ib0:10.210.4.12<0>
gn28:3052244:3052244 [0] NCCL INFO NET/Plugin: No plugin found (libnccl-net.so)
gn28:3052244:3052244 [0] NCCL INFO NET/Plugin: Plugin load returned 2 : libnccl-net.so: cannot open shared object file: No such file or directory : when loading libnccl-net.so
gn28:3052244:3052244 [0] NCCL INFO NET/Plugin: Using internal network plugin.
gn28:3052245:3052245 [1] NCCL INFO cudaDriverVersion 12070
gn28:3052245:3052245 [1] NCCL INFO Bootstrap : Using ib0:10.210.4.12<0>
gn28:3052245:3052245 [1] NCCL INFO NET/Plugin: No plugin found (libnccl-net.so)
gn28:3052245:3052245 [1] NCCL INFO NET/Plugin: Plugin load returned 2 : libnccl-net.so: cannot open shared object file: No such file or directory : when loading libnccl-net.so
gn28:3052245:3052245 [1] NCCL INFO NET/Plugin: Using internal network plugin.
gn28:3052244:3052244 [0] NCCL INFO Comm config Blocking set to 1
gn28:3052245:3052245 [1] NCCL INFO Comm config Blocking set to 1
gn28:3052245:3052534 [1] NCCL INFO Failed to open libibverbs.so[.1]
gn28:3052245:3052534 [1] NCCL INFO NET/Socket : Using [0]ib0:10.210.4.12<0>
gn28:3052247:3052532 [3] NCCL INFO Failed to open libibverbs.so[.1]
gn28:3052244:3052533 [0] NCCL INFO Failed to open libibverbs.so[.1]
gn28:3052246:3052531 [2] NCCL INFO Failed to open libibverbs.so[.1]
gn28:3052245:3052534 [1] NCCL INFO Using non-device net plugin version 0
gn28:3052247:3052532 [3] NCCL INFO NET/Socket : Using [0]ib0:10.210.4.12<0>
gn28:3052244:3052533 [0] NCCL INFO NET/Socket : Using [0]ib0:10.210.4.12<0>
gn28:3052246:3052531 [2] NCCL INFO NET/Socket : Using [0]ib0:10.210.4.12<0>
gn28:3052245:3052534 [1] NCCL INFO Using network Socket
gn28:3052247:3052532 [3] NCCL INFO Using non-device net plugin version 0
gn28:3052247:3052532 [3] NCCL INFO Using network Socket
gn28:3052244:3052533 [0] NCCL INFO Using non-device net plugin version 0
gn28:3052246:3052531 [2] NCCL INFO Using non-device net plugin version 0
gn28:3052246:3052531 [2] NCCL INFO Using network Socket
gn28:3052244:3052533 [0] NCCL INFO Using network Socket
gn28:3052245:3052534 [1] NCCL INFO ncclCommInitRank comm 0x5646f1c339b0 rank 5 nranks 8 cudaDev 1 nvmlDev 1 busId 44000 commId 0x34cae62944fe8bd0 - Init START
gn28:3052246:3052531 [2] NCCL INFO ncclCommInitRank comm 0x562a443ede90 rank 6 nranks 8 cudaDev 2 nvmlDev 2 busId 84000 commId 0x34cae62944fe8bd0 - Init START
gn28:3052247:3052532 [3] NCCL INFO ncclCommInitRank comm 0x55c06a657f60 rank 7 nranks 8 cudaDev 3 nvmlDev 3 busId c4000 commId 0x34cae62944fe8bd0 - Init START
gn28:3052244:3052533 [0] NCCL INFO ncclCommInitRank comm 0x559f659f1e00 rank 4 nranks 8 cudaDev 0 nvmlDev 0 busId 3000 commId 0x34cae62944fe8bd0 - Init START
gn28:3052244:3052533 [0] NCCL INFO NVLS multicast support is not available on dev 0
gn28:3052247:3052532 [3] NCCL INFO NVLS multicast support is not available on dev 3
gn28:3052246:3052531 [2] NCCL INFO Setting affinity for GPU 2 to 010000,00000000,00000000,00000000,00010000,00000000,00000000,00000000
gn28:3052245:3052534 [1] NCCL INFO NVLS multicast support is not available on dev 1
gn28:3052246:3052531 [2] NCCL INFO NVLS multicast support is not available on dev 2
gn28:3052245:3052534 [1] NCCL INFO comm 0x5646f1c339b0 rank 5 nRanks 8 nNodes 2 localRanks 4 localRank 1 MNNVL 0
gn28:3052246:3052531 [2] NCCL INFO comm 0x562a443ede90 rank 6 nRanks 8 nNodes 2 localRanks 4 localRank 2 MNNVL 0
gn28:3052247:3052532 [3] NCCL INFO comm 0x55c06a657f60 rank 7 nRanks 8 nNodes 2 localRanks 4 localRank 3 MNNVL 0
gn28:3052244:3052533 [0] NCCL INFO comm 0x559f659f1e00 rank 4 nRanks 8 nNodes 2 localRanks 4 localRank 0 MNNVL 0
gn28:3052245:3052534 [1] NCCL INFO Trees [0] 6/-1/-1->5->4 [1] 6/-1/-1->5->4
gn28:3052246:3052531 [2] NCCL INFO Trees [0] 7/-1/-1->6->5 [1] 7/-1/-1->6->5
gn28:3052246:3052531 [2] NCCL INFO P2P Chunksize set to 131072
gn28:3052247:3052532 [3] NCCL INFO Trees [0] -1/-1/-1->7->6 [1] -1/-1/-1->7->6
gn28:3052247:3052532 [3] NCCL INFO P2P Chunksize set to 131072
gn28:3052244:3052533 [0] NCCL INFO Trees [0] 5/-1/-1->4->0 [1] 5/0/-1->4->-1
gn28:3052245:3052534 [1] NCCL INFO P2P Chunksize set to 131072
gn28:3052246:3052531 [2] NCCL INFO Channel 00/0 : 6[2] -> 7[3] via P2P/CUMEM/read
gn28:3052247:3052532 [3] NCCL INFO Channel 00/0 : 7[3] -> 0[0] [send] via NET/Socket/0
gn28:3052244:3052533 [0] NCCL INFO P2P Chunksize set to 131072
gn28:3052245:3052534 [1] NCCL INFO Channel 00/0 : 5[1] -> 6[2] via P2P/CUMEM/read
gn28:3052246:3052531 [2] NCCL INFO Channel 01/0 : 6[2] -> 7[3] via P2P/CUMEM/read
gn28:3052247:3052532 [3] NCCL INFO Channel 01/0 : 7[3] -> 0[0] [send] via NET/Socket/0
gn28:3052245:3052534 [1] NCCL INFO Channel 01/0 : 5[1] -> 6[2] via P2P/CUMEM/read
gn28:3052244:3052533 [0] NCCL INFO Channel 00/0 : 3[3] -> 4[0] [receive] via NET/Socket/0
gn28:3052247:3052532 [3] NCCL INFO Connected all rings
gn28:3052247:3052532 [3] NCCL INFO Channel 00/0 : 7[3] -> 6[2] via P2P/CUMEM/read
gn28:3052244:3052533 [0] NCCL INFO Channel 01/0 : 3[3] -> 4[0] [receive] via NET/Socket/0
gn28:3052244:3052533 [0] NCCL INFO Channel 00/0 : 4[0] -> 5[1] via P2P/CUMEM/read
gn28:3052247:3052532 [3] NCCL INFO Channel 01/0 : 7[3] -> 6[2] via P2P/CUMEM/read
gn28:3052244:3052533 [0] NCCL INFO Channel 01/0 : 4[0] -> 5[1] via P2P/CUMEM/read
gn28:3052245:3052534 [1] NCCL INFO Connected all rings
gn28:3052244:3052533 [0] NCCL INFO Connected all rings
gn28:3052246:3052531 [2] NCCL INFO Connected all rings
gn28:3052245:3052534 [1] NCCL INFO Channel 00/0 : 5[1] -> 4[0] via P2P/CUMEM/read
gn28:3052244:3052533 [0] NCCL INFO Channel 00/0 : 0[0] -> 4[0] [receive] via NET/Socket/0
gn28:3052246:3052531 [2] NCCL INFO Channel 00/0 : 6[2] -> 5[1] via P2P/CUMEM/read
gn28:3052245:3052534 [1] NCCL INFO Channel 01/0 : 5[1] -> 4[0] via P2P/CUMEM/read
gn28:3052244:3052533 [0] NCCL INFO Channel 01/0 : 0[0] -> 4[0] [receive] via NET/Socket/0
gn28:3052246:3052531 [2] NCCL INFO Channel 01/0 : 6[2] -> 5[1] via P2P/CUMEM/read
gn28:3052244:3052533 [0] NCCL INFO Channel 00/0 : 4[0] -> 0[0] [send] via NET/Socket/0
gn28:3052247:3052532 [3] NCCL INFO Connected all trees
gn28:3052247:3052532 [3] NCCL INFO threadThresholds 8/8/64 | 64/8/64 | 512 | 512
gn28:3052244:3052533 [0] NCCL INFO Channel 01/0 : 4[0] -> 0[0] [send] via NET/Socket/0
gn28:3052247:3052532 [3] NCCL INFO 2 coll channels, 2 collnet channels, 0 nvls channels, 2 p2p channels, 1 p2p channels per peer
gn28:3052246:3052531 [2] NCCL INFO Connected all trees
gn28:3052246:3052531 [2] NCCL INFO threadThresholds 8/8/64 | 64/8/64 | 512 | 512
gn28:3052246:3052531 [2] NCCL INFO 2 coll channels, 2 collnet channels, 0 nvls channels, 2 p2p channels, 1 p2p channels per peer
gn28:3052244:3052533 [0] NCCL INFO Connected all trees
gn28:3052244:3052533 [0] NCCL INFO threadThresholds 8/8/64 | 64/8/64 | 512 | 512
gn28:3052245:3052534 [1] NCCL INFO Connected all trees
gn28:3052245:3052534 [1] NCCL INFO threadThresholds 8/8/64 | 64/8/64 | 512 | 512
gn28:3052244:3052533 [0] NCCL INFO 2 coll channels, 2 collnet channels, 0 nvls channels, 2 p2p channels, 1 p2p channels per peer
gn28:3052245:3052534 [1] NCCL INFO 2 coll channels, 2 collnet channels, 0 nvls channels, 2 p2p channels, 1 p2p channels per peer
gn28:3052245:3052534 [1] NCCL INFO TUNER/Plugin: Plugin load returned 2 : libnccl-net.so: cannot open shared object file: No such file or directory : when loading libnccl-tuner.so
gn28:3052247:3052532 [3] NCCL INFO TUNER/Plugin: Plugin load returned 2 : libnccl-net.so: cannot open shared object file: No such file or directory : when loading libnccl-tuner.so
gn28:3052246:3052531 [2] NCCL INFO TUNER/Plugin: Plugin load returned 2 : libnccl-net.so: cannot open shared object file: No such file or directory : when loading libnccl-tuner.so
gn28:3052244:3052533 [0] NCCL INFO TUNER/Plugin: Plugin load returned 2 : libnccl-net.so: cannot open shared object file: No such file or directory : when loading libnccl-tuner.so
gn28:3052245:3052534 [1] NCCL INFO TUNER/Plugin: Using internal tuner plugin.
gn28:3052247:3052532 [3] NCCL INFO TUNER/Plugin: Using internal tuner plugin.
gn28:3052246:3052531 [2] NCCL INFO TUNER/Plugin: Using internal tuner plugin.
gn28:3052246:3052531 [2] NCCL INFO ncclCommInitRank comm 0x562a443ede90 rank 6 nranks 8 cudaDev 2 nvmlDev 2 busId 84000 commId 0x34cae62944fe8bd0 - Init COMPLETE
gn28:3052244:3052533 [0] NCCL INFO TUNER/Plugin: Using internal tuner plugin.
gn28:3052244:3052533 [0] NCCL INFO ncclCommInitRank comm 0x559f659f1e00 rank 4 nranks 8 cudaDev 0 nvmlDev 0 busId 3000 commId 0x34cae62944fe8bd0 - Init COMPLETE
gn28:3052245:3052534 [1] NCCL INFO ncclCommInitRank comm 0x5646f1c339b0 rank 5 nranks 8 cudaDev 1 nvmlDev 1 busId 44000 commId 0x34cae62944fe8bd0 - Init COMPLETE
gn28:3052247:3052532 [3] NCCL INFO ncclCommInitRank comm 0x55c06a657f60 rank 7 nranks 8 cudaDev 3 nvmlDev 3 busId c4000 commId 0x34cae62944fe8bd0 - Init COMPLETE
Loading checkpoint shards:   0%|          | 0/4 [00:00<?, ?it/s]Loading checkpoint shards:   0%|          | 0/4 [00:00<?, ?it/s]Loading checkpoint shards:   0%|          | 0/4 [00:00<?, ?it/s]Loading checkpoint shards:   0%|          | 0/4 [00:00<?, ?it/s]Loading checkpoint shards:  25%|██▌       | 1/4 [00:47<02:23, 47.94s/it]Loading checkpoint shards:  25%|██▌       | 1/4 [00:47<02:23, 47.94s/it]Loading checkpoint shards:  25%|██▌       | 1/4 [00:47<02:23, 47.95s/it]Loading checkpoint shards:  25%|██▌       | 1/4 [00:47<02:23, 47.94s/it]Loading checkpoint shards:  50%|█████     | 2/4 [01:48<01:50, 55.35s/it]Loading checkpoint shards:  50%|█████     | 2/4 [01:48<01:50, 55.35s/it]Loading checkpoint shards:  50%|█████     | 2/4 [01:48<01:50, 55.36s/it]Loading checkpoint shards:  50%|█████     | 2/4 [01:48<01:50, 55.36s/it]Loading checkpoint shards:  75%|███████▌  | 3/4 [02:47<00:56, 56.85s/it]Loading checkpoint shards:  75%|███████▌  | 3/4 [02:47<00:56, 56.85s/it]Loading checkpoint shards:  75%|███████▌  | 3/4 [02:47<00:56, 56.85s/it]Loading checkpoint shards:  75%|███████▌  | 3/4 [02:47<00:56, 56.86s/it]Loading checkpoint shards: 100%|██████████| 4/4 [03:32<00:00, 52.42s/it]Loading checkpoint shards: 100%|██████████| 4/4 [03:32<00:00, 52.42s/it]Loading checkpoint shards: 100%|██████████| 4/4 [03:32<00:00, 53.19s/it]Loading checkpoint shards: 100%|██████████| 4/4 [03:32<00:00, 53.19s/it]

Loading checkpoint shards: 100%|██████████| 4/4 [03:32<00:00, 52.43s/it]Loading checkpoint shards: 100%|██████████| 4/4 [03:32<00:00, 53.19s/it]
Loading checkpoint shards: 100%|██████████| 4/4 [03:32<00:00, 52.43s/it]Loading checkpoint shards: 100%|██████████| 4/4 [03:32<00:00, 53.19s/it]
/ceph/hpc/home/dv70648/.local/lib/python3.10/site-packages/transformers/generation/configuration_utils.py:631: UserWarning: `do_sample` is set to `False`. However, `temperature` is set to `0.6` -- this flag is only used in sample-based generation modes. You should set `do_sample=True` or unset `temperature`. This was detected when initializing the generation config instance, which means the corresponding file may hold incorrect parameterization and should be fixed.
  warnings.warn(
/ceph/hpc/home/dv70648/.local/lib/python3.10/site-packages/transformers/generation/configuration_utils.py:636: UserWarning: `do_sample` is set to `False`. However, `top_p` is set to `0.9` -- this flag is only used in sample-based generation modes. You should set `do_sample=True` or unset `top_p`. This was detected when initializing the generation config instance, which means the corresponding file may hold incorrect parameterization and should be fixed.
  warnings.warn(
/ceph/hpc/home/dv70648/.local/lib/python3.10/site-packages/transformers/generation/configuration_utils.py:631: UserWarning: `do_sample` is set to `False`. However, `temperature` is set to `0.6` -- this flag is only used in sample-based generation modes. You should set `do_sample=True` or unset `temperature`. This was detected when initializing the generation config instance, which means the corresponding file may hold incorrect parameterization and should be fixed.
  warnings.warn(
/ceph/hpc/home/dv70648/.local/lib/python3.10/site-packages/transformers/generation/configuration_utils.py:631: UserWarning: `do_sample` is set to `False`. However, `temperature` is set to `0.6` -- this flag is only used in sample-based generation modes. You should set `do_sample=True` or unset `temperature`.
  warnings.warn(
/ceph/hpc/home/dv70648/.local/lib/python3.10/site-packages/transformers/generation/configuration_utils.py:636: UserWarning: `do_sample` is set to `False`. However, `top_p` is set to `0.9` -- this flag is only used in sample-based generation modes. You should set `do_sample=True` or unset `top_p`.
  warnings.warn(
/ceph/hpc/home/dv70648/.local/lib/python3.10/site-packages/transformers/generation/configuration_utils.py:636: UserWarning: `do_sample` is set to `False`. However, `top_p` is set to `0.9` -- this flag is only used in sample-based generation modes. You should set `do_sample=True` or unset `top_p`. This was detected when initializing the generation config instance, which means the corresponding file may hold incorrect parameterization and should be fixed.
  warnings.warn(
/ceph/hpc/home/dv70648/.local/lib/python3.10/site-packages/transformers/generation/configuration_utils.py:631: UserWarning: `do_sample` is set to `False`. However, `temperature` is set to `0.6` -- this flag is only used in sample-based generation modes. You should set `do_sample=True` or unset `temperature`.
  warnings.warn(
/ceph/hpc/home/dv70648/.local/lib/python3.10/site-packages/transformers/generation/configuration_utils.py:636: UserWarning: `do_sample` is set to `False`. However, `top_p` is set to `0.9` -- this flag is only used in sample-based generation modes. You should set `do_sample=True` or unset `top_p`.
  warnings.warn(
/ceph/hpc/home/dv70648/.local/lib/python3.10/site-packages/transformers/generation/configuration_utils.py:631: UserWarning: `do_sample` is set to `False`. However, `temperature` is set to `0.6` -- this flag is only used in sample-based generation modes. You should set `do_sample=True` or unset `temperature`. This was detected when initializing the generation config instance, which means the corresponding file may hold incorrect parameterization and should be fixed.
  warnings.warn(
/ceph/hpc/home/dv70648/.local/lib/python3.10/site-packages/transformers/generation/configuration_utils.py:636: UserWarning: `do_sample` is set to `False`. However, `top_p` is set to `0.9` -- this flag is only used in sample-based generation modes. You should set `do_sample=True` or unset `top_p`. This was detected when initializing the generation config instance, which means the corresponding file may hold incorrect parameterization and should be fixed.
  warnings.warn(
/ceph/hpc/home/dv70648/.local/lib/python3.10/site-packages/transformers/generation/configuration_utils.py:631: UserWarning: `do_sample` is set to `False`. However, `temperature` is set to `0.6` -- this flag is only used in sample-based generation modes. You should set `do_sample=True` or unset `temperature`.
  warnings.warn(
/ceph/hpc/home/dv70648/.local/lib/python3.10/site-packages/transformers/generation/configuration_utils.py:636: UserWarning: `do_sample` is set to `False`. However, `top_p` is set to `0.9` -- this flag is only used in sample-based generation modes. You should set `do_sample=True` or unset `top_p`.
  warnings.warn(
-------------------- CHECKING GRADIENTS --------------------
Trainable parameters:
/ceph/hpc/home/dv70648/.local/lib/python3.10/site-packages/transformers/generation/configuration_utils.py:631: UserWarning: `do_sample` is set to `False`. However, `temperature` is set to `0.6` -- this flag is only used in sample-based generation modes. You should set `do_sample=True` or unset `temperature`. This was detected when initializing the generation config instance, which means the corresponding file may hold incorrect parameterization and should be fixed.
  warnings.warn(
/ceph/hpc/home/dv70648/.local/lib/python3.10/site-packages/transformers/generation/configuration_utils.py:636: UserWarning: `do_sample` is set to `False`. However, `top_p` is set to `0.9` -- this flag is only used in sample-based generation modes. You should set `do_sample=True` or unset `top_p`. This was detected when initializing the generation config instance, which means the corresponding file may hold incorrect parameterization and should be fixed.
  warnings.warn(
/ceph/hpc/home/dv70648/.local/lib/python3.10/site-packages/transformers/generation/configuration_utils.py:631: UserWarning: `do_sample` is set to `False`. However, `temperature` is set to `0.6` -- this flag is only used in sample-based generation modes. You should set `do_sample=True` or unset `temperature`.
  warnings.warn(
/ceph/hpc/home/dv70648/.local/lib/python3.10/site-packages/transformers/generation/configuration_utils.py:636: UserWarning: `do_sample` is set to `False`. However, `top_p` is set to `0.9` -- this flag is only used in sample-based generation modes. You should set `do_sample=True` or unset `top_p`.
  warnings.warn(
[rank4]: Traceback (most recent call last):
[rank4]:   File "/ceph/hpc/data/s24o01-42-users/translation_optimization/trl/train.py", line 168, in <module>
[rank4]:     main(train_data, val_data, args.rank, args.learning_rate, args.total_epochs, args.beta)
[rank4]:   File "/ceph/hpc/data/s24o01-42-users/translation_optimization/trl/train.py", line 120, in main
[rank4]:     if local_rank == 0: check_gradients(model)  # Check if the model has gradients enabled
[rank4]:   File "/ceph/hpc/data/s24o01-42-users/translation_optimization/trl/train.py", line 40, in check_gradients
[rank4]:     for name, param in policy_model_peft.named_parameters():
[rank4]: NameError: name 'policy_model_peft' is not defined
W0529 23:33:47.017000 3052087 torch/distributed/elastic/multiprocessing/api.py:897] Sending process 3052245 closing signal SIGTERM
W0529 23:33:47.856000 3052087 torch/distributed/elastic/multiprocessing/api.py:897] Sending process 3052246 closing signal SIGTERM
W0529 23:33:47.856000 3052087 torch/distributed/elastic/multiprocessing/api.py:897] Sending process 3052247 closing signal SIGTERM
E0529 23:33:51.149000 3052087 torch/distributed/elastic/multiprocessing/api.py:869] failed (exitcode: 1) local_rank: 0 (pid: 3052244) of binary: /usr/bin/python3
Traceback (most recent call last):
  File "/usr/local/bin/accelerate", line 8, in <module>
    sys.exit(main())
  File "/usr/local/lib/python3.10/dist-packages/accelerate/commands/accelerate_cli.py", line 48, in main
    args.func(args)
  File "/usr/local/lib/python3.10/dist-packages/accelerate/commands/launch.py", line 1182, in launch_command
    deepspeed_launcher(args)
  File "/usr/local/lib/python3.10/dist-packages/accelerate/commands/launch.py", line 861, in deepspeed_launcher
    distrib_run.run(args)
  File "/usr/local/lib/python3.10/dist-packages/torch/distributed/run.py", line 909, in run
    elastic_launch(
  File "/usr/local/lib/python3.10/dist-packages/torch/distributed/launcher/api.py", line 138, in __call__
    return launch_agent(self._config, self._entrypoint, list(args))
  File "/usr/local/lib/python3.10/dist-packages/torch/distributed/launcher/api.py", line 269, in launch_agent
    raise ChildFailedError(
torch.distributed.elastic.multiprocessing.errors.ChildFailedError: 
============================================================
train.py FAILED
------------------------------------------------------------
Failures:
  <NO_OTHER_FAILURES>
------------------------------------------------------------
Root Cause (first observed failure):
[0]:
  time      : 2025-05-29_23:33:46
  host      : pm5-nod81.vega.pri
  rank      : 4 (local_rank: 0)
  exitcode  : 1 (pid: 3052244)
  error_file: <N/A>
  traceback : To enable traceback see: https://pytorch.org/docs/stable/elastic/errors.html
============================================================
