gn25:3891420:3894837 [1] NCCL INFO ncclCommInitRank comm 0x55d034e23900 rank 1 nranks 4 cudaDev 1 nvmlDev 1 busId 44000 commId 0xc82a00fb74750dd4 - Init START
gn25:3891421:3894839 [2] NCCL INFO ncclCommInitRank comm 0x562f68552310 rank 2 nranks 4 cudaDev 2 nvmlDev 2 busId 84000 commId 0xc82a00fb74750dd4 - Init START
gn25:3891422:3894836 [3] NCCL INFO ncclCommInitRank comm 0x55834905c110 rank 3 nranks 4 cudaDev 3 nvmlDev 3 busId c4000 commId 0xc82a00fb74750dd4 - Init START
gn25:3891419:3894838 [0] NCCL INFO ncclCommInitRank comm 0x56015ad3a920 rank 0 nranks 4 cudaDev 0 nvmlDev 0 busId 3000 commId 0xc82a00fb74750dd4 - Init START
gn25:3891419:3894838 [0] NCCL INFO NVLS multicast support is not available on dev 0
gn25:3891421:3894839 [2] NCCL INFO Setting affinity for GPU 2 to 010000,00000000,00000000,00000000,00010000,00000000,00000000,00000000
gn25:3891421:3894839 [2] NCCL INFO NVLS multicast support is not available on dev 2
gn25:3891422:3894836 [3] NCCL INFO NVLS multicast support is not available on dev 3
gn25:3891420:3894837 [1] NCCL INFO NVLS multicast support is not available on dev 1
gn25:3891419:3894838 [0] NCCL INFO comm 0x56015ad3a920 rank 0 nRanks 4 nNodes 1 localRanks 4 localRank 0 MNNVL 0
gn25:3891419:3894838 [0] NCCL INFO Channel 00/24 :    0   1   2   3
gn25:3891419:3894838 [0] NCCL INFO Channel 01/24 :    0   1   3   2
gn25:3891420:3894837 [1] NCCL INFO comm 0x55d034e23900 rank 1 nRanks 4 nNodes 1 localRanks 4 localRank 1 MNNVL 0
gn25:3891422:3894836 [3] NCCL INFO comm 0x55834905c110 rank 3 nRanks 4 nNodes 1 localRanks 4 localRank 3 MNNVL 0
gn25:3891422:3894836 [3] NCCL INFO Trees [0] -1/-1/-1->3->2 [1] -1/-1/-1->3->2 [2] -1/-1/-1->3->2 [3] -1/-1/-1->3->2 [4] -1/-1/-1->3->1 [5] -1/-1/-1->3->1 [6] -1/-1/-1->3->1 [7] -1/-1/-1->3->1 [8] 2/-1/-1->3->0 [9] 2/-1/-1->3->0 [10] 2/-1/-1->3->0 [11] 2/-1/-1->3->0 [12] -1/-1/-1->3->2 [13] -1/-1/-1->3->2 [14] -1/-1/-1->3->2 [15] -1/-1/-1->3->2 [16] -1/-1/-1->3->1 [17] -1/-1/-1->3->1 [18] -1/-1/-1->3->1 [19] -1/-1/-1->3->1 [20] 2/-1/-1->3->0 [21] 2/-1/-1->3->0 [22] 2/-1/-1->3->0 [23] 2/-1/-1->3->0
gn25:3891421:3894839 [2] NCCL INFO comm 0x562f68552310 rank 2 nRanks 4 nNodes 1 localRanks 4 localRank 2 MNNVL 0
gn25:3891419:3894838 [0] NCCL INFO Channel 02/24 :    0   2   3   1
gn25:3891420:3894837 [1] NCCL INFO Trees [0] 2/-1/-1->1->0 [1] 2/-1/-1->1->0 [2] 2/-1/-1->1->0 [3] 2/-1/-1->1->0 [4] 3/-1/-1->1->2 [5] 3/-1/-1->1->2 [6] 3/-1/-1->1->2 [7] 3/-1/-1->1->2 [8] 0/-1/-1->1->-1 [9] 0/-1/-1->1->-1 [10] 0/-1/-1->1->-1 [11] 0/-1/-1->1->-1 [12] 2/-1/-1->1->0 [13] 2/-1/-1->1->0 [14] 2/-1/-1->1->0 [15] 2/-1/-1->1->0 [16] 3/-1/-1->1->2 [17] 3/-1/-1->1->2 [18] 3/-1/-1->1->2 [19] 3/-1/-1->1->2 [20] 0/-1/-1->1->-1 [21] 0/-1/-1->1->-1 [22] 0/-1/-1->1->-1 [23] 0/-1/-1->1->-1
gn25:3891422:3894836 [3] NCCL INFO P2P Chunksize set to 524288
gn25:3891421:3894839 [2] NCCL INFO Trees [0] 3/-1/-1->2->1 [1] 3/-1/-1->2->1 [2] 3/-1/-1->2->1 [3] 3/-1/-1->2->1 [4] 1/-1/-1->2->0 [5] 1/-1/-1->2->0 [6] 1/-1/-1->2->0 [7] 1/-1/-1->2->0 [8] -1/-1/-1->2->3 [9] -1/-1/-1->2->3 [10] -1/-1/-1->2->3 [11] -1/-1/-1->2->3 [12] 3/-1/-1->2->1 [13] 3/-1/-1->2->1 [14] 3/-1/-1->2->1 [15] 3/-1/-1->2->1 [16] 1/-1/-1->2->0 [17] 1/-1/-1->2->0 [18] 1/-1/-1->2->0 [19] 1/-1/-1->2->0 [20] -1/-1/-1->2->3 [21] -1/-1/-1->2->3 [22] -1/-1/-1->2->3 [23] -1/-1/-1->2->3
gn25:3891419:3894838 [0] NCCL INFO Channel 03/24 :    0   2   1   3
gn25:3891420:3894837 [1] NCCL INFO P2P Chunksize set to 524288
gn25:3891422:3894836 [3] NCCL INFO Channel 00/0 : 3[3] -> 0[0] via P2P/CUMEM/read
gn25:3891421:3894839 [2] NCCL INFO P2P Chunksize set to 524288
gn25:3891419:3894838 [0] NCCL INFO Channel 04/24 :    0   3   1   2
gn25:3891419:3894838 [0] NCCL INFO Channel 05/24 :    0   3   2   1
gn25:3891422:3894836 [3] NCCL INFO Channel 03/0 : 3[3] -> 0[0] via P2P/CUMEM/read
gn25:3891420:3894837 [1] NCCL INFO Channel 00/0 : 1[1] -> 2[2] via P2P/CUMEM/read
gn25:3891421:3894839 [2] NCCL INFO Channel 00/0 : 2[2] -> 3[3] via P2P/CUMEM/read
gn25:3891421:3894839 [2] NCCL INFO Channel 02/0 : 2[2] -> 3[3] via P2P/CUMEM/read
gn25:3891419:3894838 [0] NCCL INFO Channel 06/24 :    0   1   2   3
gn25:3891419:3894838 [0] NCCL INFO Channel 07/24 :    0   1   3   2
gn25:3891422:3894836 [3] NCCL INFO Channel 06/0 : 3[3] -> 0[0] via P2P/CUMEM/read
gn25:3891420:3894837 [1] NCCL INFO Channel 04/0 : 1[1] -> 2[2] via P2P/CUMEM/read
gn25:3891421:3894839 [2] NCCL INFO Channel 06/0 : 2[2] -> 3[3] via P2P/CUMEM/read
gn25:3891419:3894838 [0] NCCL INFO Channel 08/24 :    0   2   3   1
gn25:3891419:3894838 [0] NCCL INFO Channel 09/24 :    0   2   1   3
gn25:3891422:3894836 [3] NCCL INFO Channel 09/0 : 3[3] -> 0[0] via P2P/CUMEM/read
gn25:3891420:3894837 [1] NCCL INFO Channel 06/0 : 1[1] -> 2[2] via P2P/CUMEM/read
gn25:3891421:3894839 [2] NCCL INFO Channel 08/0 : 2[2] -> 3[3] via P2P/CUMEM/read
gn25:3891419:3894838 [0] NCCL INFO Channel 10/24 :    0   3   1   2
gn25:3891422:3894836 [3] NCCL INFO Channel 12/0 : 3[3] -> 0[0] via P2P/CUMEM/read
gn25:3891420:3894837 [1] NCCL INFO Channel 10/0 : 1[1] -> 2[2] via P2P/CUMEM/read
gn25:3891421:3894839 [2] NCCL INFO Channel 12/0 : 2[2] -> 3[3] via P2P/CUMEM/read
gn25:3891419:3894838 [0] NCCL INFO Channel 11/24 :    0   3   2   1
gn25:3891422:3894836 [3] NCCL INFO Channel 15/0 : 3[3] -> 0[0] via P2P/CUMEM/read
gn25:3891421:3894839 [2] NCCL INFO Channel 14/0 : 2[2] -> 3[3] via P2P/CUMEM/read
gn25:3891420:3894837 [1] NCCL INFO Channel 12/0 : 1[1] -> 2[2] via P2P/CUMEM/read
gn25:3891419:3894838 [0] NCCL INFO Channel 12/24 :    0   1   2   3
gn25:3891419:3894838 [0] NCCL INFO Channel 13/24 :    0   1   3   2
gn25:3891422:3894836 [3] NCCL INFO Channel 18/0 : 3[3] -> 0[0] via P2P/CUMEM/read
gn25:3891421:3894839 [2] NCCL INFO Channel 18/0 : 2[2] -> 3[3] via P2P/CUMEM/read
gn25:3891420:3894837 [1] NCCL INFO Channel 16/0 : 1[1] -> 2[2] via P2P/CUMEM/read
gn25:3891420:3894837 [1] NCCL INFO Channel 18/0 : 1[1] -> 2[2] via P2P/CUMEM/read
gn25:3891419:3894838 [0] NCCL INFO Channel 14/24 :    0   2   3   1
gn25:3891419:3894838 [0] NCCL INFO Channel 15/24 :    0   2   1   3
gn25:3891422:3894836 [3] NCCL INFO Channel 21/0 : 3[3] -> 0[0] via P2P/CUMEM/read
gn25:3891421:3894839 [2] NCCL INFO Channel 20/0 : 2[2] -> 3[3] via P2P/CUMEM/read
gn25:3891420:3894837 [1] NCCL INFO Channel 22/0 : 1[1] -> 2[2] via P2P/CUMEM/read
gn25:3891419:3894838 [0] NCCL INFO Channel 16/24 :    0   3   1   2
gn25:3891419:3894838 [0] NCCL INFO Channel 17/24 :    0   3   2   1
gn25:3891419:3894838 [0] NCCL INFO Channel 18/24 :    0   1   2   3
gn25:3891419:3894838 [0] NCCL INFO Channel 19/24 :    0   1   3   2
gn25:3891419:3894838 [0] NCCL INFO Channel 20/24 :    0   2   3   1
gn25:3891421:3894839 [2] NCCL INFO Channel 01/0 : 2[2] -> 0[0] via P2P/CUMEM/read
gn25:3891419:3894838 [0] NCCL INFO Channel 21/24 :    0   2   1   3
gn25:3891419:3894838 [0] NCCL INFO Channel 22/24 :    0   3   1   2
gn25:3891421:3894839 [2] NCCL INFO Channel 04/0 : 2[2] -> 0[0] via P2P/CUMEM/read
gn25:3891419:3894838 [0] NCCL INFO Channel 23/24 :    0   3   2   1
gn25:3891419:3894838 [0] NCCL INFO Trees [0] 1/-1/-1->0->-1 [1] 1/-1/-1->0->-1 [2] 1/-1/-1->0->-1 [3] 1/-1/-1->0->-1 [4] 2/-1/-1->0->-1 [5] 2/-1/-1->0->-1 [6] 2/-1/-1->0->-1 [7] 2/-1/-1->0->-1 [8] 3/-1/-1->0->1 [9] 3/-1/-1->0->1 [10] 3/-1/-1->0->1 [11] 3/-1/-1->0->1 [12] 1/-1/-1->0->-1 [13] 1/-1/-1->0->-1 [14] 1/-1/-1->0->-1 [15] 1/-1/-1->0->-1 [16] 2/-1/-1->0->-1 [17] 2/-1/-1->0->-1 [18] 2/-1/-1->0->-1 [19] 2/-1/-1->0->-1 [20] 3/-1/-1->0->1 [21] 3/-1/-1->0->1 [22] 3/-1/-1->0->1 [23] 3/-1/-1->0->1
gn25:3891421:3894839 [2] NCCL INFO Channel 07/0 : 2[2] -> 0[0] via P2P/CUMEM/read
gn25:3891419:3894838 [0] NCCL INFO P2P Chunksize set to 524288
gn25:3891421:3894839 [2] NCCL INFO Channel 10/0 : 2[2] -> 0[0] via P2P/CUMEM/read
gn25:3891421:3894839 [2] NCCL INFO Channel 13/0 : 2[2] -> 0[0] via P2P/CUMEM/read
gn25:3891421:3894839 [2] NCCL INFO Channel 16/0 : 2[2] -> 0[0] via P2P/CUMEM/read
gn25:3891421:3894839 [2] NCCL INFO Channel 19/0 : 2[2] -> 0[0] via P2P/CUMEM/read
gn25:3891419:3894838 [0] NCCL INFO Channel 00/0 : 0[0] -> 1[1] via P2P/CUMEM/read
gn25:3891421:3894839 [2] NCCL INFO Channel 22/0 : 2[2] -> 0[0] via P2P/CUMEM/read
gn25:3891419:3894838 [0] NCCL INFO Channel 01/0 : 0[0] -> 1[1] via P2P/CUMEM/read
gn25:3891419:3894838 [0] NCCL INFO Channel 06/0 : 0[0] -> 1[1] via P2P/CUMEM/read
gn25:3891419:3894838 [0] NCCL INFO Channel 07/0 : 0[0] -> 1[1] via P2P/CUMEM/read
gn25:3891419:3894838 [0] NCCL INFO Channel 12/0 : 0[0] -> 1[1] via P2P/CUMEM/read
gn25:3891419:3894838 [0] NCCL INFO Channel 13/0 : 0[0] -> 1[1] via P2P/CUMEM/read
gn25:3891419:3894838 [0] NCCL INFO Channel 18/0 : 0[0] -> 1[1] via P2P/CUMEM/read
gn25:3891419:3894838 [0] NCCL INFO Channel 19/0 : 0[0] -> 1[1] via P2P/CUMEM/read
gn25:3891419:3894838 [0] NCCL INFO Channel 02/0 : 0[0] -> 2[2] via P2P/CUMEM/read
gn25:3891420:3894837 [1] NCCL INFO Channel 01/0 : 1[1] -> 3[3] via P2P/CUMEM/read
gn25:3891422:3894836 [3] NCCL INFO Channel 02/0 : 3[3] -> 1[1] via P2P/CUMEM/read
gn25:3891419:3894838 [0] NCCL INFO Channel 03/0 : 0[0] -> 2[2] via P2P/CUMEM/read
gn25:3891420:3894837 [1] NCCL INFO Channel 03/0 : 1[1] -> 3[3] via P2P/CUMEM/read
gn25:3891422:3894836 [3] NCCL INFO Channel 04/0 : 3[3] -> 1[1] via P2P/CUMEM/read
gn25:3891419:3894838 [0] NCCL INFO Channel 08/0 : 0[0] -> 2[2] via P2P/CUMEM/read
gn25:3891420:3894837 [1] NCCL INFO Channel 07/0 : 1[1] -> 3[3] via P2P/CUMEM/read
gn25:3891422:3894836 [3] NCCL INFO Channel 08/0 : 3[3] -> 1[1] via P2P/CUMEM/read
gn25:3891419:3894838 [0] NCCL INFO Channel 09/0 : 0[0] -> 2[2] via P2P/CUMEM/read
gn25:3891420:3894837 [1] NCCL INFO Channel 09/0 : 1[1] -> 3[3] via P2P/CUMEM/read
gn25:3891422:3894836 [3] NCCL INFO Channel 10/0 : 3[3] -> 1[1] via P2P/CUMEM/read
gn25:3891419:3894838 [0] NCCL INFO Channel 14/0 : 0[0] -> 2[2] via P2P/CUMEM/read
gn25:3891420:3894837 [1] NCCL INFO Channel 13/0 : 1[1] -> 3[3] via P2P/CUMEM/read
gn25:3891422:3894836 [3] NCCL INFO Channel 14/0 : 3[3] -> 1[1] via P2P/CUMEM/read
gn25:3891419:3894838 [0] NCCL INFO Channel 15/0 : 0[0] -> 2[2] via P2P/CUMEM/read
gn25:3891420:3894837 [1] NCCL INFO Channel 15/0 : 1[1] -> 3[3] via P2P/CUMEM/read
gn25:3891422:3894836 [3] NCCL INFO Channel 16/0 : 3[3] -> 1[1] via P2P/CUMEM/read
gn25:3891419:3894838 [0] NCCL INFO Channel 20/0 : 0[0] -> 2[2] via P2P/CUMEM/read
gn25:3891420:3894837 [1] NCCL INFO Channel 19/0 : 1[1] -> 3[3] via P2P/CUMEM/read
gn25:3891422:3894836 [3] NCCL INFO Channel 20/0 : 3[3] -> 1[1] via P2P/CUMEM/read
gn25:3891419:3894838 [0] NCCL INFO Channel 21/0 : 0[0] -> 2[2] via P2P/CUMEM/read
gn25:3891420:3894837 [1] NCCL INFO Channel 21/0 : 1[1] -> 3[3] via P2P/CUMEM/read
gn25:3891422:3894836 [3] NCCL INFO Channel 22/0 : 3[3] -> 1[1] via P2P/CUMEM/read
gn25:3891421:3894839 [2] NCCL INFO Channel 03/0 : 2[2] -> 1[1] via P2P/CUMEM/read
gn25:3891419:3894838 [0] NCCL INFO Channel 04/0 : 0[0] -> 3[3] via P2P/CUMEM/read
gn25:3891421:3894839 [2] NCCL INFO Channel 05/0 : 2[2] -> 1[1] via P2P/CUMEM/read
gn25:3891419:3894838 [0] NCCL INFO Channel 05/0 : 0[0] -> 3[3] via P2P/CUMEM/read
gn25:3891420:3894837 [1] NCCL INFO Channel 02/0 : 1[1] -> 0[0] via P2P/CUMEM/read
gn25:3891422:3894836 [3] NCCL INFO Channel 01/0 : 3[3] -> 2[2] via P2P/CUMEM/read
gn25:3891421:3894839 [2] NCCL INFO Channel 09/0 : 2[2] -> 1[1] via P2P/CUMEM/read
gn25:3891421:3894839 [2] NCCL INFO Channel 11/0 : 2[2] -> 1[1] via P2P/CUMEM/read
gn25:3891419:3894838 [0] NCCL INFO Channel 10/0 : 0[0] -> 3[3] via P2P/CUMEM/read
gn25:3891420:3894837 [1] NCCL INFO Channel 05/0 : 1[1] -> 0[0] via P2P/CUMEM/read
gn25:3891422:3894836 [3] NCCL INFO Channel 05/0 : 3[3] -> 2[2] via P2P/CUMEM/read
gn25:3891421:3894839 [2] NCCL INFO Channel 15/0 : 2[2] -> 1[1] via P2P/CUMEM/read
gn25:3891419:3894838 [0] NCCL INFO Channel 11/0 : 0[0] -> 3[3] via P2P/CUMEM/read
gn25:3891420:3894837 [1] NCCL INFO Channel 08/0 : 1[1] -> 0[0] via P2P/CUMEM/read
gn25:3891422:3894836 [3] NCCL INFO Channel 07/0 : 3[3] -> 2[2] via P2P/CUMEM/read
gn25:3891421:3894839 [2] NCCL INFO Channel 17/0 : 2[2] -> 1[1] via P2P/CUMEM/read
gn25:3891419:3894838 [0] NCCL INFO Channel 16/0 : 0[0] -> 3[3] via P2P/CUMEM/read
gn25:3891420:3894837 [1] NCCL INFO Channel 11/0 : 1[1] -> 0[0] via P2P/CUMEM/read
gn25:3891422:3894836 [3] NCCL INFO Channel 11/0 : 3[3] -> 2[2] via P2P/CUMEM/read
gn25:3891421:3894839 [2] NCCL INFO Channel 21/0 : 2[2] -> 1[1] via P2P/CUMEM/read
gn25:3891419:3894838 [0] NCCL INFO Channel 17/0 : 0[0] -> 3[3] via P2P/CUMEM/read
gn25:3891420:3894837 [1] NCCL INFO Channel 14/0 : 1[1] -> 0[0] via P2P/CUMEM/read
gn25:3891422:3894836 [3] NCCL INFO Channel 13/0 : 3[3] -> 2[2] via P2P/CUMEM/read
gn25:3891421:3894839 [2] NCCL INFO Channel 23/0 : 2[2] -> 1[1] via P2P/CUMEM/read
gn25:3891422:3894836 [3] NCCL INFO Channel 17/0 : 3[3] -> 2[2] via P2P/CUMEM/read
gn25:3891419:3894838 [0] NCCL INFO Channel 22/0 : 0[0] -> 3[3] via P2P/CUMEM/read
gn25:3891420:3894837 [1] NCCL INFO Channel 17/0 : 1[1] -> 0[0] via P2P/CUMEM/read
gn25:3891422:3894836 [3] NCCL INFO Channel 19/0 : 3[3] -> 2[2] via P2P/CUMEM/read
gn25:3891419:3894838 [0] NCCL INFO Channel 23/0 : 0[0] -> 3[3] via P2P/CUMEM/read
gn25:3891420:3894837 [1] NCCL INFO Channel 20/0 : 1[1] -> 0[0] via P2P/CUMEM/read
gn25:3891422:3894836 [3] NCCL INFO Channel 23/0 : 3[3] -> 2[2] via P2P/CUMEM/read
gn25:3891420:3894837 [1] NCCL INFO Channel 23/0 : 1[1] -> 0[0] via P2P/CUMEM/read
gn25:3891420:3894837 [1] NCCL INFO Connected all rings
gn25:3891419:3894838 [0] NCCL INFO Connected all rings
gn25:3891421:3894839 [2] NCCL INFO Connected all rings
gn25:3891422:3894836 [3] NCCL INFO Connected all rings
gn25:3891420:3894837 [1] NCCL INFO Channel 01/0 : 1[1] -> 2[2] via P2P/CUMEM/read
gn25:3891421:3894839 [2] NCCL INFO Channel 01/0 : 2[2] -> 3[3] via P2P/CUMEM/read
gn25:3891421:3894839 [2] NCCL INFO Channel 03/0 : 2[2] -> 3[3] via P2P/CUMEM/read
gn25:3891419:3894838 [0] NCCL INFO Channel 02/0 : 0[0] -> 1[1] via P2P/CUMEM/read
gn25:3891422:3894836 [3] NCCL INFO Channel 08/0 : 3[3] -> 0[0] via P2P/CUMEM/read
gn25:3891420:3894837 [1] NCCL INFO Channel 02/0 : 1[1] -> 2[2] via P2P/CUMEM/read
gn25:3891421:3894839 [2] NCCL INFO Channel 09/0 : 2[2] -> 3[3] via P2P/CUMEM/read
gn25:3891419:3894838 [0] NCCL INFO Channel 03/0 : 0[0] -> 1[1] via P2P/CUMEM/read
gn25:3891422:3894836 [3] NCCL INFO Channel 10/0 : 3[3] -> 0[0] via P2P/CUMEM/read
gn25:3891420:3894837 [1] NCCL INFO Channel 03/0 : 1[1] -> 2[2] via P2P/CUMEM/read
gn25:3891421:3894839 [2] NCCL INFO Channel 10/0 : 2[2] -> 3[3] via P2P/CUMEM/read
gn25:3891419:3894838 [0] NCCL INFO Channel 08/0 : 0[0] -> 1[1] via P2P/CUMEM/read
gn25:3891422:3894836 [3] NCCL INFO Channel 11/0 : 3[3] -> 0[0] via P2P/CUMEM/read
gn25:3891420:3894837 [1] NCCL INFO Channel 05/0 : 1[1] -> 2[2] via P2P/CUMEM/read
gn25:3891421:3894839 [2] NCCL INFO Channel 11/0 : 2[2] -> 3[3] via P2P/CUMEM/read
gn25:3891421:3894839 [2] NCCL INFO Channel 13/0 : 2[2] -> 3[3] via P2P/CUMEM/read
gn25:3891419:3894838 [0] NCCL INFO Channel 09/0 : 0[0] -> 1[1] via P2P/CUMEM/read
gn25:3891422:3894836 [3] NCCL INFO Channel 20/0 : 3[3] -> 0[0] via P2P/CUMEM/read
gn25:3891420:3894837 [1] NCCL INFO Channel 07/0 : 1[1] -> 2[2] via P2P/CUMEM/read
gn25:3891421:3894839 [2] NCCL INFO Channel 15/0 : 2[2] -> 3[3] via P2P/CUMEM/read
gn25:3891419:3894838 [0] NCCL INFO Channel 10/0 : 0[0] -> 1[1] via P2P/CUMEM/read
gn25:3891422:3894836 [3] NCCL INFO Channel 22/0 : 3[3] -> 0[0] via P2P/CUMEM/read
gn25:3891420:3894837 [1] NCCL INFO Channel 13/0 : 1[1] -> 2[2] via P2P/CUMEM/read
gn25:3891421:3894839 [2] NCCL INFO Channel 21/0 : 2[2] -> 3[3] via P2P/CUMEM/read
gn25:3891419:3894838 [0] NCCL INFO Channel 11/0 : 0[0] -> 1[1] via P2P/CUMEM/read
gn25:3891422:3894836 [3] NCCL INFO Channel 23/0 : 3[3] -> 0[0] via P2P/CUMEM/read
gn25:3891420:3894837 [1] NCCL INFO Channel 14/0 : 1[1] -> 2[2] via P2P/CUMEM/read
gn25:3891421:3894839 [2] NCCL INFO Channel 22/0 : 2[2] -> 3[3] via P2P/CUMEM/read
gn25:3891419:3894838 [0] NCCL INFO Channel 14/0 : 0[0] -> 1[1] via P2P/CUMEM/read
gn25:3891420:3894837 [1] NCCL INFO Channel 15/0 : 1[1] -> 2[2] via P2P/CUMEM/read
gn25:3891421:3894839 [2] NCCL INFO Channel 23/0 : 2[2] -> 3[3] via P2P/CUMEM/read
gn25:3891419:3894838 [0] NCCL INFO Channel 15/0 : 0[0] -> 1[1] via P2P/CUMEM/read
gn25:3891420:3894837 [1] NCCL INFO Channel 17/0 : 1[1] -> 2[2] via P2P/CUMEM/read
gn25:3891419:3894838 [0] NCCL INFO Channel 20/0 : 0[0] -> 1[1] via P2P/CUMEM/read
gn25:3891420:3894837 [1] NCCL INFO Channel 19/0 : 1[1] -> 2[2] via P2P/CUMEM/read
gn25:3891419:3894838 [0] NCCL INFO Channel 21/0 : 0[0] -> 1[1] via P2P/CUMEM/read
gn25:3891419:3894838 [0] NCCL INFO Channel 22/0 : 0[0] -> 1[1] via P2P/CUMEM/read
gn25:3891421:3894839 [2] NCCL INFO Channel 05/0 : 2[2] -> 0[0] via P2P/CUMEM/read
gn25:3891419:3894838 [0] NCCL INFO Channel 23/0 : 0[0] -> 1[1] via P2P/CUMEM/read
gn25:3891421:3894839 [2] NCCL INFO Channel 06/0 : 2[2] -> 0[0] via P2P/CUMEM/read
gn25:3891421:3894839 [2] NCCL INFO Channel 17/0 : 2[2] -> 0[0] via P2P/CUMEM/read
gn25:3891420:3894837 [1] NCCL INFO Channel 04/0 : 1[1] -> 3[3] via P2P/CUMEM/read
gn25:3891419:3894838 [0] NCCL INFO Channel 04/0 : 0[0] -> 2[2] via P2P/CUMEM/read
gn25:3891419:3894838 [0] NCCL INFO Channel 05/0 : 0[0] -> 2[2] via P2P/CUMEM/read
gn25:3891422:3894836 [3] NCCL INFO Channel 05/0 : 3[3] -> 1[1] via P2P/CUMEM/read
gn25:3891421:3894839 [2] NCCL INFO Channel 18/0 : 2[2] -> 0[0] via P2P/CUMEM/read
gn25:3891420:3894837 [1] NCCL INFO Channel 05/0 : 1[1] -> 3[3] via P2P/CUMEM/read
gn25:3891419:3894838 [0] NCCL INFO Channel 06/0 : 0[0] -> 2[2] via P2P/CUMEM/read
gn25:3891422:3894836 [3] NCCL INFO Channel 06/0 : 3[3] -> 1[1] via P2P/CUMEM/read
gn25:3891420:3894837 [1] NCCL INFO Channel 06/0 : 1[1] -> 3[3] via P2P/CUMEM/read
gn25:3891419:3894838 [0] NCCL INFO Channel 07/0 : 0[0] -> 2[2] via P2P/CUMEM/read
gn25:3891422:3894836 [3] NCCL INFO Channel 07/0 : 3[3] -> 1[1] via P2P/CUMEM/read
gn25:3891420:3894837 [1] NCCL INFO Channel 16/0 : 1[1] -> 3[3] via P2P/CUMEM/read
gn25:3891419:3894838 [0] NCCL INFO Channel 16/0 : 0[0] -> 2[2] via P2P/CUMEM/read
gn25:3891422:3894836 [3] NCCL INFO Channel 17/0 : 3[3] -> 1[1] via P2P/CUMEM/read
gn25:3891422:3894836 [3] NCCL INFO Channel 18/0 : 3[3] -> 1[1] via P2P/CUMEM/read
gn25:3891420:3894837 [1] NCCL INFO Channel 17/0 : 1[1] -> 3[3] via P2P/CUMEM/read
gn25:3891419:3894838 [0] NCCL INFO Channel 17/0 : 0[0] -> 2[2] via P2P/CUMEM/read
gn25:3891422:3894836 [3] NCCL INFO Channel 19/0 : 3[3] -> 1[1] via P2P/CUMEM/read
gn25:3891420:3894837 [1] NCCL INFO Channel 18/0 : 1[1] -> 3[3] via P2P/CUMEM/read
gn25:3891419:3894838 [0] NCCL INFO Channel 18/0 : 0[0] -> 2[2] via P2P/CUMEM/read
gn25:3891419:3894838 [0] NCCL INFO Channel 19/0 : 0[0] -> 2[2] via P2P/CUMEM/read
gn25:3891420:3894837 [1] NCCL INFO Channel 00/0 : 1[1] -> 0[0] via P2P/CUMEM/read
gn25:3891422:3894836 [3] NCCL INFO Channel 00/0 : 3[3] -> 2[2] via P2P/CUMEM/read
gn25:3891420:3894837 [1] NCCL INFO Channel 01/0 : 1[1] -> 0[0] via P2P/CUMEM/read
gn25:3891422:3894836 [3] NCCL INFO Channel 02/0 : 3[3] -> 2[2] via P2P/CUMEM/read
gn25:3891420:3894837 [1] NCCL INFO Channel 03/0 : 1[1] -> 0[0] via P2P/CUMEM/read
gn25:3891419:3894838 [0] NCCL INFO Channel 08/0 : 0[0] -> 3[3] via P2P/CUMEM/read
gn25:3891421:3894839 [2] NCCL INFO Channel 00/0 : 2[2] -> 1[1] via P2P/CUMEM/read
gn25:3891421:3894839 [2] NCCL INFO Channel 01/0 : 2[2] -> 1[1] via P2P/CUMEM/read
gn25:3891422:3894836 [3] NCCL INFO Channel 03/0 : 3[3] -> 2[2] via P2P/CUMEM/read
gn25:3891420:3894837 [1] NCCL INFO Channel 09/0 : 1[1] -> 0[0] via P2P/CUMEM/read
gn25:3891419:3894838 [0] NCCL INFO Channel 09/0 : 0[0] -> 3[3] via P2P/CUMEM/read
gn25:3891419:3894838 [0] NCCL INFO Channel 20/0 : 0[0] -> 3[3] via P2P/CUMEM/read
gn25:3891421:3894839 [2] NCCL INFO Channel 02/0 : 2[2] -> 1[1] via P2P/CUMEM/read
gn25:3891421:3894839 [2] NCCL INFO Channel 04/0 : 2[2] -> 1[1] via P2P/CUMEM/read
gn25:3891422:3894836 [3] NCCL INFO Channel 08/0 : 3[3] -> 2[2] via P2P/CUMEM/read
gn25:3891420:3894837 [1] NCCL INFO Channel 10/0 : 1[1] -> 0[0] via P2P/CUMEM/read
gn25:3891419:3894838 [0] NCCL INFO Channel 21/0 : 0[0] -> 3[3] via P2P/CUMEM/read
gn25:3891421:3894839 [2] NCCL INFO Channel 06/0 : 2[2] -> 1[1] via P2P/CUMEM/read
gn25:3891422:3894836 [3] NCCL INFO Channel 09/0 : 3[3] -> 2[2] via P2P/CUMEM/read
gn25:3891420:3894837 [1] NCCL INFO Channel 12/0 : 1[1] -> 0[0] via P2P/CUMEM/read
gn25:3891420:3894837 [1] NCCL INFO Channel 13/0 : 1[1] -> 0[0] via P2P/CUMEM/read
gn25:3891421:3894839 [2] NCCL INFO Channel 07/0 : 2[2] -> 1[1] via P2P/CUMEM/read
gn25:3891422:3894836 [3] NCCL INFO Channel 10/0 : 3[3] -> 2[2] via P2P/CUMEM/read
gn25:3891420:3894837 [1] NCCL INFO Channel 15/0 : 1[1] -> 0[0] via P2P/CUMEM/read
gn25:3891421:3894839 [2] NCCL INFO Channel 12/0 : 2[2] -> 1[1] via P2P/CUMEM/read
gn25:3891422:3894836 [3] NCCL INFO Channel 12/0 : 3[3] -> 2[2] via P2P/CUMEM/read
gn25:3891420:3894837 [1] NCCL INFO Channel 21/0 : 1[1] -> 0[0] via P2P/CUMEM/read
gn25:3891421:3894839 [2] NCCL INFO Channel 13/0 : 2[2] -> 1[1] via P2P/CUMEM/read
gn25:3891422:3894836 [3] NCCL INFO Channel 14/0 : 3[3] -> 2[2] via P2P/CUMEM/read
gn25:3891420:3894837 [1] NCCL INFO Channel 22/0 : 1[1] -> 0[0] via P2P/CUMEM/read
gn25:3891421:3894839 [2] NCCL INFO Channel 14/0 : 2[2] -> 1[1] via P2P/CUMEM/read
gn25:3891422:3894836 [3] NCCL INFO Channel 15/0 : 3[3] -> 2[2] via P2P/CUMEM/read
gn25:3891421:3894839 [2] NCCL INFO Channel 16/0 : 2[2] -> 1[1] via P2P/CUMEM/read
gn25:3891422:3894836 [3] NCCL INFO Channel 20/0 : 3[3] -> 2[2] via P2P/CUMEM/read
gn25:3891421:3894839 [2] NCCL INFO Channel 18/0 : 2[2] -> 1[1] via P2P/CUMEM/read
gn25:3891422:3894836 [3] NCCL INFO Channel 21/0 : 3[3] -> 2[2] via P2P/CUMEM/read
gn25:3891421:3894839 [2] NCCL INFO Channel 19/0 : 2[2] -> 1[1] via P2P/CUMEM/read
gn25:3891422:3894836 [3] NCCL INFO Channel 22/0 : 3[3] -> 2[2] via P2P/CUMEM/read
gn25:3891421:3894839 [2] NCCL INFO Connected all trees
gn25:3891421:3894839 [2] NCCL INFO threadThresholds 8/8/64 | 32/8/64 | 512 | 512
gn25:3891420:3894837 [1] NCCL INFO Connected all trees
gn25:3891419:3894838 [0] NCCL INFO Connected all trees
gn25:3891422:3894836 [3] NCCL INFO Connected all trees
gn25:3891421:3894839 [2] NCCL INFO 24 coll channels, 24 collnet channels, 0 nvls channels, 32 p2p channels, 8 p2p channels per peer
gn25:3891420:3894837 [1] NCCL INFO threadThresholds 8/8/64 | 32/8/64 | 512 | 512
gn25:3891420:3894837 [1] NCCL INFO 24 coll channels, 24 collnet channels, 0 nvls channels, 32 p2p channels, 8 p2p channels per peer
gn25:3891419:3894838 [0] NCCL INFO threadThresholds 8/8/64 | 32/8/64 | 512 | 512
gn25:3891419:3894838 [0] NCCL INFO 24 coll channels, 24 collnet channels, 0 nvls channels, 32 p2p channels, 8 p2p channels per peer
gn25:3891422:3894836 [3] NCCL INFO threadThresholds 8/8/64 | 32/8/64 | 512 | 512
gn25:3891422:3894836 [3] NCCL INFO 24 coll channels, 24 collnet channels, 0 nvls channels, 32 p2p channels, 8 p2p channels per peer
gn25:3891419:3894838 [0] NCCL INFO ncclCommInitRank comm 0x56015ad3a920 rank 0 nranks 4 cudaDev 0 nvmlDev 0 busId 3000 commId 0xc82a00fb74750dd4 - Init COMPLETE
gn25:3891421:3894839 [2] NCCL INFO ncclCommInitRank comm 0x562f68552310 rank 2 nranks 4 cudaDev 2 nvmlDev 2 busId 84000 commId 0xc82a00fb74750dd4 - Init COMPLETE
gn25:3891420:3894837 [1] NCCL INFO ncclCommInitRank comm 0x55d034e23900 rank 1 nranks 4 cudaDev 1 nvmlDev 1 busId 44000 commId 0xc82a00fb74750dd4 - Init COMPLETE
gn25:3891422:3894836 [3] NCCL INFO ncclCommInitRank comm 0x55834905c110 rank 3 nranks 4 cudaDev 3 nvmlDev 3 busId c4000 commId 0xc82a00fb74750dd4 - Init COMPLETE
/usr/local/lib/python3.10/dist-packages/torch/utils/checkpoint.py:87: UserWarning: None of the inputs have requires_grad=True. Gradients will be None
  warnings.warn(
/usr/local/lib/python3.10/dist-packages/torch/utils/checkpoint.py:87: UserWarning: None of the inputs have requires_grad=True. Gradients will be None
  warnings.warn(
/usr/local/lib/python3.10/dist-packages/torch/utils/checkpoint.py:87: UserWarning: None of the inputs have requires_grad=True. Gradients will be None
  warnings.warn(
/usr/local/lib/python3.10/dist-packages/torch/utils/checkpoint.py:87: UserWarning: None of the inputs have requires_grad=True. Gradients will be None
  warnings.warn(
gn25:3891419:3895127 [0] NCCL INFO Comm config Blocking set to 1
gn25:3891422:3895116 [3] NCCL INFO Comm config Blocking set to 1
gn25:3891420:3895122 [1] NCCL INFO Comm config Blocking set to 1
gn25:3891421:3895119 [2] NCCL INFO Comm config Blocking set to 1
gn25:3891419:3895180 [0] NCCL INFO Using non-device net plugin version 0
gn25:3891422:3895181 [3] NCCL INFO Using non-device net plugin version 0
gn25:3891420:3895182 [1] NCCL INFO Using non-device net plugin version 0
gn25:3891421:3895183 [2] NCCL INFO Using non-device net plugin version 0
gn25:3891419:3895180 [0] NCCL INFO Using network Socket
gn25:3891422:3895181 [3] NCCL INFO Using network Socket
gn25:3891420:3895182 [1] NCCL INFO Using network Socket
gn25:3891421:3895183 [2] NCCL INFO Using network Socket
gn25:3891422:3895181 [3] NCCL INFO ncclCommInitRank comm 0x7f219eecead0 rank 3 nranks 8 cudaDev 3 nvmlDev 3 busId c4000 commId 0x1aa934c88cbf2457 - Init START
gn25:3891421:3895183 [2] NCCL INFO ncclCommInitRank comm 0x7f426cac0700 rank 2 nranks 8 cudaDev 2 nvmlDev 2 busId 84000 commId 0x1aa934c88cbf2457 - Init START
gn25:3891419:3895180 [0] NCCL INFO ncclCommInitRank comm 0x7fcf8a2dd5b0 rank 0 nranks 8 cudaDev 0 nvmlDev 0 busId 3000 commId 0x1aa934c88cbf2457 - Init START
gn25:3891420:3895182 [1] NCCL INFO ncclCommInitRank comm 0x7fbde4a9d920 rank 1 nranks 8 cudaDev 1 nvmlDev 1 busId 44000 commId 0x1aa934c88cbf2457 - Init START
gn25:3891419:3895180 [0] NCCL INFO NVLS multicast support is not available on dev 0
gn25:3891420:3895182 [1] NCCL INFO NVLS multicast support is not available on dev 1
gn25:3891421:3895183 [2] NCCL INFO Setting affinity for GPU 2 to 010000,00000000,00000000,00000000,00010000,00000000,00000000,00000000
gn25:3891421:3895183 [2] NCCL INFO NVLS multicast support is not available on dev 2
gn25:3891422:3895181 [3] NCCL INFO NVLS multicast support is not available on dev 3
gn25:3891421:3895183 [2] NCCL INFO comm 0x7f426cac0700 rank 2 nRanks 8 nNodes 2 localRanks 4 localRank 2 MNNVL 0
gn25:3891421:3895183 [2] NCCL INFO Trees [0] 3/-1/-1->2->1 [1] 3/-1/-1->2->1
gn25:3891422:3895181 [3] NCCL INFO comm 0x7f219eecead0 rank 3 nRanks 8 nNodes 2 localRanks 4 localRank 3 MNNVL 0
gn25:3891419:3895180 [0] NCCL INFO comm 0x7fcf8a2dd5b0 rank 0 nRanks 8 nNodes 2 localRanks 4 localRank 0 MNNVL 0
gn25:3891420:3895182 [1] NCCL INFO comm 0x7fbde4a9d920 rank 1 nRanks 8 nNodes 2 localRanks 4 localRank 1 MNNVL 0
gn25:3891421:3895183 [2] NCCL INFO P2P Chunksize set to 131072
gn25:3891422:3895181 [3] NCCL INFO Trees [0] -1/-1/-1->3->2 [1] -1/-1/-1->3->2
gn25:3891419:3895180 [0] NCCL INFO Channel 00/02 :    0   1   2   3   4   5   6   7
gn25:3891419:3895180 [0] NCCL INFO Channel 01/02 :    0   1   2   3   4   5   6   7
gn25:3891420:3895182 [1] NCCL INFO Trees [0] 2/-1/-1->1->0 [1] 2/-1/-1->1->0
gn25:3891421:3895183 [2] NCCL INFO Channel 00/0 : 2[2] -> 3[3] via P2P/CUMEM/read
gn25:3891422:3895181 [3] NCCL INFO P2P Chunksize set to 131072
gn25:3891419:3895180 [0] NCCL INFO Trees [0] 1/4/-1->0->-1 [1] 1/-1/-1->0->4
gn25:3891420:3895182 [1] NCCL INFO P2P Chunksize set to 131072
gn25:3891421:3895183 [2] NCCL INFO Channel 01/0 : 2[2] -> 3[3] via P2P/CUMEM/read
gn25:3891422:3895181 [3] NCCL INFO Channel 00/0 : 3[3] -> 4[0] [send] via NET/Socket/0
gn25:3891419:3895180 [0] NCCL INFO P2P Chunksize set to 131072
gn25:3891420:3895182 [1] NCCL INFO Channel 00/0 : 1[1] -> 2[2] via P2P/CUMEM/read
gn25:3891422:3895181 [3] NCCL INFO Channel 01/0 : 3[3] -> 4[0] [send] via NET/Socket/0
gn25:3891419:3895180 [0] NCCL INFO Channel 00/0 : 7[3] -> 0[0] [receive] via NET/Socket/0
gn25:3891420:3895182 [1] NCCL INFO Channel 01/0 : 1[1] -> 2[2] via P2P/CUMEM/read
gn25:3891419:3895180 [0] NCCL INFO Channel 01/0 : 7[3] -> 0[0] [receive] via NET/Socket/0
gn25:3891419:3895180 [0] NCCL INFO Channel 00/0 : 0[0] -> 1[1] via P2P/CUMEM/read
gn25:3891422:3895181 [3] NCCL INFO Connected all rings
gn25:3891422:3895181 [3] NCCL INFO Channel 00/0 : 3[3] -> 2[2] via P2P/CUMEM/read
gn25:3891419:3895180 [0] NCCL INFO Channel 01/0 : 0[0] -> 1[1] via P2P/CUMEM/read
gn25:3891422:3895181 [3] NCCL INFO Channel 01/0 : 3[3] -> 2[2] via P2P/CUMEM/read
gn25:3891421:3895183 [2] NCCL INFO Connected all rings
gn25:3891420:3895182 [1] NCCL INFO Connected all rings
gn25:3891419:3895180 [0] NCCL INFO Connected all rings
gn25:3891421:3895183 [2] NCCL INFO Channel 00/0 : 2[2] -> 1[1] via P2P/CUMEM/read
gn25:3891420:3895182 [1] NCCL INFO Channel 00/0 : 1[1] -> 0[0] via P2P/CUMEM/read
gn25:3891419:3895180 [0] NCCL INFO Channel 00/0 : 4[0] -> 0[0] [receive] via NET/Socket/0
gn25:3891421:3895183 [2] NCCL INFO Channel 01/0 : 2[2] -> 1[1] via P2P/CUMEM/read
gn25:3891420:3895182 [1] NCCL INFO Channel 01/0 : 1[1] -> 0[0] via P2P/CUMEM/read
gn25:3891419:3895180 [0] NCCL INFO Channel 01/0 : 4[0] -> 0[0] [receive] via NET/Socket/0
gn25:3891422:3895181 [3] NCCL INFO Connected all trees
gn25:3891422:3895181 [3] NCCL INFO threadThresholds 8/8/64 | 64/8/64 | 512 | 512
gn25:3891419:3895180 [0] NCCL INFO Channel 00/0 : 0[0] -> 4[0] [send] via NET/Socket/0
gn25:3891422:3895181 [3] NCCL INFO 2 coll channels, 2 collnet channels, 0 nvls channels, 2 p2p channels, 1 p2p channels per peer
gn25:3891419:3895180 [0] NCCL INFO Channel 01/0 : 0[0] -> 4[0] [send] via NET/Socket/0
gn25:3891421:3895183 [2] NCCL INFO Connected all trees
gn25:3891421:3895183 [2] NCCL INFO threadThresholds 8/8/64 | 64/8/64 | 512 | 512
gn25:3891421:3895183 [2] NCCL INFO 2 coll channels, 2 collnet channels, 0 nvls channels, 2 p2p channels, 1 p2p channels per peer
gn25:3891420:3895182 [1] NCCL INFO Connected all trees
gn25:3891420:3895182 [1] NCCL INFO threadThresholds 8/8/64 | 64/8/64 | 512 | 512
gn25:3891419:3895180 [0] NCCL INFO Connected all trees
gn25:3891419:3895180 [0] NCCL INFO threadThresholds 8/8/64 | 64/8/64 | 512 | 512
gn25:3891420:3895182 [1] NCCL INFO 2 coll channels, 2 collnet channels, 0 nvls channels, 2 p2p channels, 1 p2p channels per peer
gn25:3891419:3895180 [0] NCCL INFO 2 coll channels, 2 collnet channels, 0 nvls channels, 2 p2p channels, 1 p2p channels per peer
gn25:3891419:3895180 [0] NCCL INFO ncclCommInitRank comm 0x7fcf8a2dd5b0 rank 0 nranks 8 cudaDev 0 nvmlDev 0 busId 3000 commId 0x1aa934c88cbf2457 - Init COMPLETE
gn25:3891420:3895182 [1] NCCL INFO ncclCommInitRank comm 0x7fbde4a9d920 rank 1 nranks 8 cudaDev 1 nvmlDev 1 busId 44000 commId 0x1aa934c88cbf2457 - Init COMPLETE
gn25:3891422:3895181 [3] NCCL INFO ncclCommInitRank comm 0x7f219eecead0 rank 3 nranks 8 cudaDev 3 nvmlDev 3 busId c4000 commId 0x1aa934c88cbf2457 - Init COMPLETE
gn25:3891421:3895183 [2] NCCL INFO ncclCommInitRank comm 0x7f426cac0700 rank 2 nranks 8 cudaDev 2 nvmlDev 2 busId 84000 commId 0x1aa934c88cbf2457 - Init COMPLETE
  0%|          | 1/1605 [02:20<62:23:18, 140.02s/it]                                                    {'loss': 0.6914, 'grad_norm': 0.0, 'learning_rate': 0.0, 'rewards/chosen': 0.0, 'rewards/rejected': 0.0, 'rewards/accuracies': 0.0, 'rewards/margins': 0.0, 'logps/chosen': -4416.0, 'logps/rejected': -3968.0, 'logits/chosen': 0.0, 'logits/rejected': 0.0, 'epoch': 0.0}
  0%|          | 1/1605 [02:20<62:23:18, 140.02s/it]  0%|          | 2/1605 [03:46<48:24:18, 108.71s/it]                                                    {'loss': 0.6914, 'grad_norm': 0.0, 'learning_rate': 7.006071929005137e-11, 'rewards/chosen': 0.0, 'rewards/rejected': 0.0, 'rewards/accuracies': 0.0, 'rewards/margins': 0.0, 'logps/chosen': -4624.0, 'logps/rejected': -4800.0, 'logits/chosen': 0.0, 'logits/rejected': 0.0, 'epoch': 0.0}
  0%|          | 2/1605 [03:47<48:24:18, 108.71s/it]  0%|          | 3/1605 [05:10<43:22:04, 97.46s/it]                                                    {'loss': 0.6914, 'grad_norm': 0.0, 'learning_rate': 1.4012143858010274e-10, 'rewards/chosen': 0.0, 'rewards/rejected': 0.0, 'rewards/accuracies': 0.0, 'rewards/margins': 0.0, 'logps/chosen': -5760.0, 'logps/rejected': -5488.0, 'logits/chosen': 0.0, 'logits/rejected': 0.0, 'epoch': 0.01}
  0%|          | 3/1605 [05:11<43:22:04, 97.46s/it]  0%|          | 4/1605 [06:33<40:49:10, 91.79s/it]                                                   {'loss': 0.6914, 'grad_norm': 0.0, 'learning_rate': 2.1018215787015413e-10, 'rewards/chosen': 0.0, 'rewards/rejected': 0.0, 'rewards/accuracies': 0.0, 'rewards/margins': 0.0, 'logps/chosen': -5120.0, 'logps/rejected': -5120.0, 'logits/chosen': 0.0, 'logits/rejected': 0.0, 'epoch': 0.01}
  0%|          | 4/1605 [06:34<40:49:10, 91.79s/it]  0%|          | 5/1605 [07:55<39:11:37, 88.19s/it]                                                   {'loss': 0.6914, 'grad_norm': 0.0, 'learning_rate': 2.802428771602055e-10, 'rewards/chosen': 0.0, 'rewards/rejected': 0.0, 'rewards/accuracies': 0.0, 'rewards/margins': 0.0, 'logps/chosen': -4112.0, 'logps/rejected': -3936.0, 'logits/chosen': 0.0, 'logits/rejected': 0.0, 'epoch': 0.01}
  0%|          | 5/1605 [07:55<39:11:37, 88.19s/it]  0%|          | 6/1605 [09:18<38:24:42, 86.48s/it]                                                   {'loss': 0.6914, 'grad_norm': 0.0, 'learning_rate': 3.5030359645025685e-10, 'rewards/chosen': 0.0, 'rewards/rejected': 0.0, 'rewards/accuracies': 0.0, 'rewards/margins': 0.0, 'logps/chosen': -8368.0, 'logps/rejected': -6080.0, 'logits/chosen': 0.0, 'logits/rejected': 0.0, 'epoch': 0.01}
  0%|          | 6/1605 [09:19<38:24:42, 86.48s/it]  0%|          | 7/1605 [10:42<37:59:55, 85.60s/it]                                                   {'loss': 0.6914, 'grad_norm': 0.0, 'learning_rate': 4.2036431574030827e-10, 'rewards/chosen': 0.0, 'rewards/rejected': 0.0, 'rewards/accuracies': 0.0, 'rewards/margins': 0.0, 'logps/chosen': -6624.0, 'logps/rejected': -4920.0, 'logits/chosen': 0.0, 'logits/rejected': 0.0, 'epoch': 0.01}
  0%|          | 7/1605 [10:42<37:59:55, 85.60s/it]  0%|          | 8/1605 [12:06<37:43:50, 85.05s/it]                                                   {'loss': 0.6914, 'grad_norm': 0.0, 'learning_rate': 4.904250350303596e-10, 'rewards/chosen': 0.0, 'rewards/rejected': 0.0, 'rewards/accuracies': 0.0, 'rewards/margins': 0.0, 'logps/chosen': -6224.0, 'logps/rejected': -4712.0, 'logits/chosen': 0.0, 'logits/rejected': 0.0, 'epoch': 0.01}
  0%|          | 8/1605 [12:06<37:43:50, 85.05s/it]  1%|          | 9/1605 [13:29<37:23:50, 84.36s/it]                                                   {'loss': 0.6914, 'grad_norm': 0.0, 'learning_rate': 5.60485754320411e-10, 'rewards/chosen': 0.0, 'rewards/rejected': 0.0, 'rewards/accuracies': 0.0, 'rewards/margins': 0.0, 'logps/chosen': -6544.0, 'logps/rejected': -5280.0, 'logits/chosen': 0.0, 'logits/rejected': 0.0, 'epoch': 0.02}
  1%|          | 9/1605 [13:29<37:23:50, 84.36s/it]  1%|          | 10/1605 [14:52<37:13:38, 84.02s/it]                                                    {'loss': 0.6914, 'grad_norm': 0.0, 'learning_rate': 6.305464736104624e-10, 'rewards/chosen': 0.0, 'rewards/rejected': 0.0, 'rewards/accuracies': 0.0, 'rewards/margins': 0.0, 'logps/chosen': -6768.0, 'logps/rejected': -6112.0, 'logits/chosen': 0.0, 'logits/rejected': 0.0, 'epoch': 0.02}
  1%|          | 10/1605 [14:53<37:13:38, 84.02s/it]  1%|          | 11/1605 [16:14<36:55:04, 83.38s/it]                                                    {'loss': 0.6914, 'grad_norm': 0.0, 'learning_rate': 7.006071929005137e-10, 'rewards/chosen': 0.0, 'rewards/rejected': 0.0, 'rewards/accuracies': 0.0, 'rewards/margins': 0.0, 'logps/chosen': -6096.0, 'logps/rejected': -5408.0, 'logits/chosen': 0.0, 'logits/rejected': 0.0, 'epoch': 0.02}
  1%|          | 11/1605 [16:14<36:55:04, 83.38s/it]  1%|          | 12/1605 [17:37<36:47:46, 83.16s/it]                                                    {'loss': 0.6914, 'grad_norm': 0.0, 'learning_rate': 7.706679121905651e-10, 'rewards/chosen': 0.0, 'rewards/rejected': 0.0, 'rewards/accuracies': 0.0, 'rewards/margins': 0.0, 'logps/chosen': -5808.0, 'logps/rejected': -5872.0, 'logits/chosen': 0.0, 'logits/rejected': 0.0, 'epoch': 0.02}
  1%|          | 12/1605 [17:37<36:47:46, 83.16s/it]  1%|          | 13/1605 [18:59<36:37:47, 82.83s/it]                                                    {'loss': 0.6914, 'grad_norm': 0.0, 'learning_rate': 8.407286314806165e-10, 'rewards/chosen': 0.0, 'rewards/rejected': 0.0, 'rewards/accuracies': 0.0, 'rewards/margins': 0.0, 'logps/chosen': -6256.0, 'logps/rejected': -6032.0, 'logits/chosen': 0.0, 'logits/rejected': 0.0, 'epoch': 0.02}
  1%|          | 13/1605 [18:59<36:37:47, 82.83s/it]  1%|          | 14/1605 [20:20<36:25:58, 82.44s/it]                                                    {'loss': 0.6914, 'grad_norm': 0.0, 'learning_rate': 9.107893507706679e-10, 'rewards/chosen': 0.0, 'rewards/rejected': 0.0, 'rewards/accuracies': 0.0, 'rewards/margins': 0.0, 'logps/chosen': -5904.0, 'logps/rejected': -5904.0, 'logits/chosen': 0.0, 'logits/rejected': 0.0, 'epoch': 0.03}
  1%|          | 14/1605 [20:20<36:25:58, 82.44s/it]  1%|          | 15/1605 [21:45<36:44:36, 83.19s/it]                                                    {'loss': 0.6914, 'grad_norm': 0.0, 'learning_rate': 9.808500700607193e-10, 'rewards/chosen': 0.0, 'rewards/rejected': 0.0, 'rewards/accuracies': 0.0, 'rewards/margins': 0.0, 'logps/chosen': -5648.0, 'logps/rejected': -5840.0, 'logits/chosen': 0.0, 'logits/rejected': 0.0, 'epoch': 0.03}
  1%|          | 15/1605 [21:46<36:44:36, 83.19s/it]  1%|          | 16/1605 [23:09<36:44:32, 83.24s/it]                                                    {'loss': 0.6914, 'grad_norm': 0.0, 'learning_rate': 1.0509107893507706e-09, 'rewards/chosen': 0.0, 'rewards/rejected': 0.0, 'rewards/accuracies': 0.0, 'rewards/margins': 0.0, 'logps/chosen': -4464.0, 'logps/rejected': -3208.0, 'logits/chosen': 0.0, 'logits/rejected': 0.0, 'epoch': 0.03}
  1%|          | 16/1605 [23:09<36:44:32, 83.24s/it]  1%|          | 17/1605 [24:31<36:34:10, 82.90s/it]                                                    {'loss': 0.6914, 'grad_norm': 0.0, 'learning_rate': 1.120971508640822e-09, 'rewards/chosen': 0.0, 'rewards/rejected': 0.0, 'rewards/accuracies': 0.0, 'rewards/margins': 0.0, 'logps/chosen': -5024.0, 'logps/rejected': -5024.0, 'logits/chosen': 0.0, 'logits/rejected': 0.0, 'epoch': 0.03}
  1%|          | 17/1605 [24:31<36:34:10, 82.90s/it]  1%|          | 18/1605 [25:54<36:37:36, 83.09s/it]                                                    {'loss': 0.6914, 'grad_norm': 0.0, 'learning_rate': 1.1910322279308732e-09, 'rewards/chosen': 0.0, 'rewards/rejected': 0.0, 'rewards/accuracies': 0.0, 'rewards/margins': 0.0, 'logps/chosen': -7072.0, 'logps/rejected': -5856.0, 'logits/chosen': 0.0, 'logits/rejected': 0.0, 'epoch': 0.03}
  1%|          | 18/1605 [25:54<36:37:36, 83.09s/it]  1%|          | 19/1605 [27:17<36:31:27, 82.90s/it]                                                    {'loss': 0.6914, 'grad_norm': 0.0, 'learning_rate': 1.2610929472209248e-09, 'rewards/chosen': 0.0, 'rewards/rejected': 0.0, 'rewards/accuracies': 0.0, 'rewards/margins': 0.0, 'logps/chosen': -5232.0, 'logps/rejected': -5024.0, 'logits/chosen': 0.0, 'logits/rejected': 0.0, 'epoch': 0.04}
  1%|          | 19/1605 [27:17<36:31:27, 82.90s/it]  1%|          | 20/1605 [28:41<36:37:01, 83.17s/it]                                                    {'loss': 0.6914, 'grad_norm': 0.0, 'learning_rate': 1.3311536665109763e-09, 'rewards/chosen': 0.0, 'rewards/rejected': 0.0, 'rewards/accuracies': 0.0, 'rewards/margins': 0.0, 'logps/chosen': -4800.0, 'logps/rejected': -4960.0, 'logits/chosen': 0.0, 'logits/rejected': 0.0, 'epoch': 0.04}
  1%|          | 20/1605 [28:41<36:37:01, 83.17s/it]  1%|▏         | 21/1605 [30:04<36:33:57, 83.10s/it]                                                    {'loss': 0.6914, 'grad_norm': 0.0, 'learning_rate': 1.4012143858010274e-09, 'rewards/chosen': 0.0, 'rewards/rejected': 0.0, 'rewards/accuracies': 0.0, 'rewards/margins': 0.0, 'logps/chosen': -6832.0, 'logps/rejected': -5952.0, 'logits/chosen': 0.0, 'logits/rejected': 0.0, 'epoch': 0.04}
  1%|▏         | 21/1605 [30:04<36:33:57, 83.10s/it]  1%|▏         | 22/1605 [31:26<36:28:53, 82.96s/it]                                                    {'loss': 0.6914, 'grad_norm': 0.0, 'learning_rate': 1.471275105091079e-09, 'rewards/chosen': 0.0, 'rewards/rejected': 0.0, 'rewards/accuracies': 0.0, 'rewards/margins': 0.0, 'logps/chosen': -6464.0, 'logps/rejected': -6368.0, 'logits/chosen': 0.0, 'logits/rejected': 0.0, 'epoch': 0.04}
  1%|▏         | 22/1605 [31:26<36:28:53, 82.96s/it]  1%|▏         | 23/1605 [32:51<36:45:43, 83.66s/it]                                                    {'loss': 0.6914, 'grad_norm': 0.0, 'learning_rate': 1.5413358243811302e-09, 'rewards/chosen': 0.0, 'rewards/rejected': 0.0, 'rewards/accuracies': 0.0, 'rewards/margins': 0.0, 'logps/chosen': -6608.0, 'logps/rejected': -6160.0, 'logits/chosen': 0.0, 'logits/rejected': 0.0, 'epoch': 0.04}
  1%|▏         | 23/1605 [32:52<36:45:43, 83.66s/it]  1%|▏         | 24/1605 [34:16<36:48:30, 83.81s/it]                                                    {'loss': 0.6914, 'grad_norm': 0.0, 'learning_rate': 1.6113965436711816e-09, 'rewards/chosen': 0.0, 'rewards/rejected': 0.0, 'rewards/accuracies': 0.0, 'rewards/margins': 0.0, 'logps/chosen': -5280.0, 'logps/rejected': -3824.0, 'logits/chosen': 0.0, 'logits/rejected': 0.0, 'epoch': 0.04}
  1%|▏         | 24/1605 [34:16<36:48:30, 83.81s/it]slurmstepd: error: *** STEP 62033636.0 ON gn25 CANCELLED AT 2025-05-29T23:25:47 ***
